\BOOKMARK [0][-]{chapter.1}{\376\377\0001\000\040\0002\000D\000\040\000F\000S\000A\000E\000\040\000S\000i\000m\000u\000l\000a\000t\000i\000o\000n}{}% 1
\BOOKMARK [1][-]{section.1.1}{\376\377\0001\000.\0001\000\040\000P\000r\000o\000j\000e\000c\000t\000\040\000O\000v\000e\000r\000v\000i\000e\000w}{chapter.1}% 2
\BOOKMARK [1][-]{section.1.2}{\376\377\0001\000.\0002\000\040\000K\000e\000y\000\040\000F\000e\000a\000t\000u\000r\000e\000s}{chapter.1}% 3
\BOOKMARK [1][-]{section.1.3}{\376\377\0001\000.\0003\000\040\000P\000r\000o\000j\000e\000c\000t\000\040\000S\000t\000r\000u\000c\000t\000u\000r\000e}{chapter.1}% 4
\BOOKMARK [1][-]{section.1.4}{\376\377\0001\000.\0004\000\040\000G\000l\000o\000b\000a\000l\000\040\000C\000a\000l\000l\000\040\000G\000r\000a\000p\000h}{chapter.1}% 5
\BOOKMARK [1][-]{section.1.5}{\376\377\0001\000.\0005\000\040\000T\000a\000s\000k\000\040\000D\000e\000s\000c\000r\000i\000p\000t\000i\000o\000n\000s}{chapter.1}% 6
\BOOKMARK [1][-]{section.1.6}{\376\377\0001\000.\0006\000\040\000B\000u\000i\000l\000d\000i\000n\000g\000\040\000a\000n\000d\000\040\000R\000u\000n\000n\000i\000n\000g\000\040\000t\000h\000e\000\040\000S\000i\000m\000u\000l\000a\000t\000i\000o\000n}{chapter.1}% 7
\BOOKMARK [0][-]{chapter.2}{\376\377\0002\000\040\000M\000o\000d\000u\000l\000e\000\040\000I\000n\000d\000e\000x}{}% 8
\BOOKMARK [1][-]{section.2.1}{\376\377\0002\000.\0001\000\040\000M\000o\000d\000u\000l\000e\000s}{chapter.2}% 9
\BOOKMARK [0][-]{chapter.3}{\376\377\0003\000\040\000C\000l\000a\000s\000s\000\040\000I\000n\000d\000e\000x}{}% 10
\BOOKMARK [1][-]{section.3.1}{\376\377\0003\000.\0001\000\040\000C\000l\000a\000s\000s\000\040\000L\000i\000s\000t}{chapter.3}% 11
\BOOKMARK [0][-]{chapter.4}{\376\377\0004\000\040\000F\000i\000l\000e\000\040\000I\000n\000d\000e\000x}{}% 12
\BOOKMARK [1][-]{section.4.1}{\376\377\0004\000.\0001\000\040\000F\000i\000l\000e\000\040\000L\000i\000s\000t}{chapter.4}% 13
\BOOKMARK [0][-]{chapter.5}{\376\377\0005\000\040\000M\000o\000d\000u\000l\000e\000\040\000D\000o\000c\000u\000m\000e\000n\000t\000a\000t\000i\000o\000n}{}% 14
\BOOKMARK [1][-]{section.5.1}{\376\377\0005\000.\0001\000\040\000C\000o\000n\000e\000\040\000D\000e\000t\000e\000c\000t\000i\000o\000n\000\040\000a\000n\000d\000\040\000M\000a\000p\000p\000i\000n\000g}{chapter.5}% 15
\BOOKMARK [2][-]{subsection.5.1.1}{\376\377\0005\000.\0001\000.\0001\000\040\000D\000e\000t\000a\000i\000l\000e\000d\000\040\000D\000e\000s\000c\000r\000i\000p\000t\000i\000o\000n}{section.5.1}% 16
\BOOKMARK [2][-]{subsection.5.1.2}{\376\377\0005\000.\0001\000.\0002\000\040\000F\000u\000n\000c\000t\000i\000o\000n\000\040\000D\000o\000c\000u\000m\000e\000n\000t\000a\000t\000i\000o\000n}{section.5.1}% 17
\BOOKMARK [3][-]{subsubsection.5.1.2.1}{\376\377\0005\000.\0001\000.\0002\000.\0001\000\040\000c\000a\000l\000c\000u\000l\000a\000t\000e\000\137\000c\000i\000r\000c\000l\000e\000\137\000p\000o\000i\000n\000t\000s\000\050\000\051}{subsection.5.1.2}% 18
\BOOKMARK [3][-]{subsubsection.5.1.2.2}{\376\377\0005\000.\0001\000.\0002\000.\0002\000\040\000c\000h\000e\000c\000k\000\137\000n\000e\000a\000r\000e\000s\000t\000\137\000p\000o\000i\000n\000t\000\050\000\051}{subsection.5.1.2}% 19
\BOOKMARK [3][-]{subsubsection.5.1.2.3}{\376\377\0005\000.\0001\000.\0002\000.\0003\000\040\000f\000i\000n\000d\000\137\000c\000l\000o\000s\000e\000s\000t\000\137\000p\000o\000i\000n\000t\000s\000\050\000\051}{subsection.5.1.2}% 20
\BOOKMARK [3][-]{subsubsection.5.1.2.4}{\376\377\0005\000.\0001\000.\0002\000.\0004\000\040\000f\000i\000n\000d\000\137\000c\000o\000n\000e\000\137\000c\000e\000n\000t\000e\000r\000\050\000\051}{subsection.5.1.2}% 21
\BOOKMARK [3][-]{subsubsection.5.1.2.5}{\376\377\0005\000.\0001\000.\0002\000.\0005\000\040\000f\000i\000n\000d\000\137\000l\000o\000c\000a\000l\000\137\000m\000i\000n\000i\000m\000a\000\050\000\051}{subsection.5.1.2}% 22
\BOOKMARK [3][-]{subsubsection.5.1.2.6}{\376\377\0005\000.\0001\000.\0002\000.\0006\000\040\000i\000n\000i\000t\000\137\000c\000o\000n\000e\000\137\000b\000o\000r\000d\000e\000r\000s\000\050\000\051}{subsection.5.1.2}% 23
\BOOKMARK [3][-]{subsubsection.5.1.2.7}{\376\377\0005\000.\0001\000.\0002\000.\0007\000\040\000l\000i\000d\000a\000r\000\050\000\051}{subsection.5.1.2}% 24
\BOOKMARK [3][-]{subsubsection.5.1.2.8}{\376\377\0005\000.\0001\000.\0002\000.\0008\000\040\000m\000a\000p\000p\000i\000n\000g\000\050\000\051}{subsection.5.1.2}% 25
\BOOKMARK [3][-]{subsubsection.5.1.2.9}{\376\377\0005\000.\0001\000.\0002\000.\0009\000\040\000u\000p\000d\000a\000t\000e\000\137\000m\000a\000p\000\050\000\051}{subsection.5.1.2}% 26
\BOOKMARK [2][-]{subsection.5.1.3}{\376\377\0005\000.\0001\000.\0003\000\040\000V\000a\000r\000i\000a\000b\000l\000e\000\040\000D\000o\000c\000u\000m\000e\000n\000t\000a\000t\000i\000o\000n}{section.5.1}% 27
\BOOKMARK [3][-]{subsubsection.5.1.3.1}{\376\377\0005\000.\0001\000.\0003\000.\0001\000\040\000a\000n\000g\000l\000e\000\137\000s\000t\000e\000p}{subsection.5.1.3}% 28
\BOOKMARK [3][-]{subsubsection.5.1.3.2}{\376\377\0005\000.\0001\000.\0003\000.\0002\000\040\000c\000a\000n\000d\000i\000d\000a\000t\000e\000s}{subsection.5.1.3}% 29
\BOOKMARK [3][-]{subsubsection.5.1.3.3}{\376\377\0005\000.\0001\000.\0003\000.\0003\000\040\000d\000e\000t\000e\000c\000t\000e\000d\000\137\000c\000o\000n\000e\000s}{subsection.5.1.3}% 30
\BOOKMARK [3][-]{subsubsection.5.1.3.4}{\376\377\0005\000.\0001\000.\0003\000.\0004\000\040\000d\000i\000s\000t\000a\000n\000c\000e\000\137\000r\000e\000s\000o\000l\000u\000t\000i\000o\000n}{subsection.5.1.3}% 31
\BOOKMARK [3][-]{subsubsection.5.1.3.5}{\376\377\0005\000.\0001\000.\0003\000.\0005\000\040\000i\000g\000n\000o\000r\000e\000\137\000d\000i\000s\000t\000a\000n\000c\000e}{subsection.5.1.3}% 32
\BOOKMARK [3][-]{subsubsection.5.1.3.6}{\376\377\0005\000.\0001\000.\0003\000.\0006\000\040\000n\000\137\000c\000a\000n\000d\000i\000d\000a\000t\000e\000s}{subsection.5.1.3}% 33
\BOOKMARK [3][-]{subsubsection.5.1.3.7}{\376\377\0005\000.\0001\000.\0003\000.\0007\000\040\000s\000l\000i\000d\000i\000n\000g\000\137\000w\000i\000n\000d\000o\000w}{subsection.5.1.3}% 34
\BOOKMARK [3][-]{subsubsection.5.1.3.8}{\376\377\0005\000.\0001\000.\0003\000.\0008\000\040\000s\000t\000a\000r\000t\000\137\000a\000n\000g\000l\000e}{subsection.5.1.3}% 35
\BOOKMARK [3][-]{subsubsection.5.1.3.9}{\376\377\0005\000.\0001\000.\0003\000.\0009\000\040\000t\000r\000a\000c\000k\000\137\000m\000a\000p}{subsection.5.1.3}% 36
\BOOKMARK [3][-]{subsubsection.5.1.3.10}{\376\377\0005\000.\0001\000.\0003\000.\0001\0000\000\040\000t\000r\000a\000c\000k\000\137\000m\000a\000p\000\137\000i\000d\000x}{subsection.5.1.3}% 37
\BOOKMARK [1][-]{section.5.2}{\376\377\0005\000.\0002\000\040\000C\000o\000n\000e\000\040\000D\000e\000t\000e\000c\000t\000i\000o\000n\000\040\000a\000n\000d\000\040\000M\000a\000p\000p\000i\000n\000g}{chapter.5}% 38
\BOOKMARK [1][-]{section.5.3}{\376\377\0005\000.\0003\000\040\000V\000e\000h\000i\000c\000l\000e\000\040\000m\000o\000d\000e\000l\000\040\000a\000n\000d\000\040\000c\000o\000n\000t\000r\000o\000l}{chapter.5}% 39
\BOOKMARK [2][-]{subsection.5.3.1}{\376\377\0005\000.\0003\000.\0001\000\040\000D\000e\000t\000a\000i\000l\000e\000d\000\040\000D\000e\000s\000c\000r\000i\000p\000t\000i\000o\000n}{section.5.3}% 40
\BOOKMARK [2][-]{subsection.5.3.2}{\376\377\0005\000.\0003\000.\0002\000\040\000M\000a\000c\000r\000o\000\040\000D\000e\000f\000i\000n\000i\000t\000i\000o\000n\000\040\000D\000o\000c\000u\000m\000e\000n\000t\000a\000t\000i\000o\000n}{section.5.3}% 41
\BOOKMARK [3][-]{subsubsection.5.3.2.1}{\376\377\0005\000.\0003\000.\0002\000.\0001\000\040\000M\000\137\000P\000I}{subsection.5.3.2}% 42
\BOOKMARK [2][-]{subsection.5.3.3}{\376\377\0005\000.\0003\000.\0003\000\040\000F\000u\000n\000c\000t\000i\000o\000n\000\040\000D\000o\000c\000u\000m\000e\000n\000t\000a\000t\000i\000o\000n}{section.5.3}% 43
\BOOKMARK [3][-]{subsubsection.5.3.3.1}{\376\377\0005\000.\0003\000.\0003\000.\0001\000\040\000c\000h\000e\000c\000k\000\137\000c\000o\000l\000l\000i\000s\000i\000o\000n\000s\000\050\000\051}{subsection.5.3.3}% 44
\BOOKMARK [3][-]{subsubsection.5.3.3.2}{\376\377\0005\000.\0003\000.\0003\000.\0002\000\040\000v\000e\000h\000i\000c\000l\000e\000\137\000m\000o\000d\000e\000l\000\050\000\051}{subsection.5.3.3}% 45
\BOOKMARK [0][-]{chapter.6}{\376\377\0006\000\040\000C\000l\000a\000s\000s\000\040\000D\000o\000c\000u\000m\000e\000n\000t\000a\000t\000i\000o\000n}{}% 46
\BOOKMARK [1][-]{section.6.1}{\376\377\0006\000.\0001\000\040\000B\000u\000t\000t\000o\000n\000\040\000S\000t\000r\000u\000c\000t\000\040\000R\000e\000f\000e\000r\000e\000n\000c\000e}{chapter.6}% 47
\BOOKMARK [2][-]{subsection.6.1.1}{\376\377\0006\000.\0001\000.\0001\000\040\000M\000e\000m\000b\000e\000r\000\040\000D\000a\000t\000a\000\040\000D\000o\000c\000u\000m\000e\000n\000t\000a\000t\000i\000o\000n}{section.6.1}% 48
\BOOKMARK [3][-]{subsubsection.6.1.1.1}{\376\377\0006\000.\0001\000.\0001\000.\0001\000\040\000h\000e\000i\000g\000h\000t}{subsection.6.1.1}% 49
\BOOKMARK [3][-]{subsubsection.6.1.1.2}{\376\377\0006\000.\0001\000.\0001\000.\0002\000\040\000t\000e\000x\000t}{subsection.6.1.1}% 50
\BOOKMARK [3][-]{subsubsection.6.1.1.3}{\376\377\0006\000.\0001\000.\0001\000.\0003\000\040\000v\000a\000l\000u\000e}{subsection.6.1.1}% 51
\BOOKMARK [3][-]{subsubsection.6.1.1.4}{\376\377\0006\000.\0001\000.\0001\000.\0004\000\040\000w\000i\000d\000t\000h}{subsection.6.1.1}% 52
\BOOKMARK [3][-]{subsubsection.6.1.1.5}{\376\377\0006\000.\0001\000.\0001\000.\0005\000\040\000x}{subsection.6.1.1}% 53
\BOOKMARK [3][-]{subsubsection.6.1.1.6}{\376\377\0006\000.\0001\000.\0001\000.\0006\000\040\000y}{subsection.6.1.1}% 54
\BOOKMARK [1][-]{section.6.2}{\376\377\0006\000.\0002\000\040\000c\000a\000n\000d\000i\000d\000a\000t\000e\000\137\000c\000o\000n\000e\000\040\000S\000t\000r\000u\000c\000t\000\040\000R\000e\000f\000e\000r\000e\000n\000c\000e}{chapter.6}% 55
\BOOKMARK [2][-]{subsection.6.2.1}{\376\377\0006\000.\0002\000.\0001\000\040\000D\000e\000t\000a\000i\000l\000e\000d\000\040\000D\000e\000s\000c\000r\000i\000p\000t\000i\000o\000n}{section.6.2}% 56
\BOOKMARK [2][-]{subsection.6.2.2}{\376\377\0006\000.\0002\000.\0002\000\040\000M\000e\000m\000b\000e\000r\000\040\000D\000a\000t\000a\000\040\000D\000o\000c\000u\000m\000e\000n\000t\000a\000t\000i\000o\000n}{section.6.2}% 57
\BOOKMARK [3][-]{subsubsection.6.2.2.1}{\376\377\0006\000.\0002\000.\0002\000.\0001\000\040\000c\000o\000l\000o\000r}{subsection.6.2.2}% 58
\BOOKMARK [3][-]{subsubsection.6.2.2.2}{\376\377\0006\000.\0002\000.\0002\000.\0002\000\040\000d\000e\000t\000e\000c\000t\000i\000o\000n\000s}{subsection.6.2.2}% 59
\BOOKMARK [3][-]{subsubsection.6.2.2.3}{\376\377\0006\000.\0002\000.\0002\000.\0003\000\040\000x}{subsection.6.2.2}% 60
\BOOKMARK [3][-]{subsubsection.6.2.2.4}{\376\377\0006\000.\0002\000.\0002\000.\0004\000\040\000y}{subsection.6.2.2}% 61
\BOOKMARK [1][-]{section.6.3}{\376\377\0006\000.\0003\000\040\000c\000o\000n\000e\000\040\000S\000t\000r\000u\000c\000t\000\040\000R\000e\000f\000e\000r\000e\000n\000c\000e}{chapter.6}% 62
\BOOKMARK [2][-]{subsection.6.3.1}{\376\377\0006\000.\0003\000.\0001\000\040\000D\000e\000t\000a\000i\000l\000e\000d\000\040\000D\000e\000s\000c\000r\000i\000p\000t\000i\000o\000n}{section.6.3}% 63
\BOOKMARK [2][-]{subsection.6.3.2}{\376\377\0006\000.\0003\000.\0002\000\040\000M\000e\000m\000b\000e\000r\000\040\000D\000a\000t\000a\000\040\000D\000o\000c\000u\000m\000e\000n\000t\000a\000t\000i\000o\000n}{section.6.3}% 64
\BOOKMARK [3][-]{subsubsection.6.3.2.1}{\376\377\0006\000.\0003\000.\0002\000.\0001\000\040\000c\000o\000l\000o\000r}{subsection.6.3.2}% 65
\BOOKMARK [3][-]{subsubsection.6.3.2.2}{\376\377\0006\000.\0003\000.\0002\000.\0002\000\040\000x}{subsection.6.3.2}% 66
\BOOKMARK [3][-]{subsubsection.6.3.2.3}{\376\377\0006\000.\0003\000.\0002\000.\0003\000\040\000y}{subsection.6.3.2}% 67
\BOOKMARK [1][-]{section.6.4}{\376\377\0006\000.\0004\000\040\000c\000o\000n\000e\000\137\000b\000o\000r\000d\000e\000r\000\040\000S\000t\000r\000u\000c\000t\000\040\000R\000e\000f\000e\000r\000e\000n\000c\000e}{chapter.6}% 68
\BOOKMARK [2][-]{subsection.6.4.1}{\376\377\0006\000.\0004\000.\0001\000\040\000D\000e\000t\000a\000i\000l\000e\000d\000\040\000D\000e\000s\000c\000r\000i\000p\000t\000i\000o\000n}{section.6.4}% 69
\BOOKMARK [2][-]{subsection.6.4.2}{\376\377\0006\000.\0004\000.\0002\000\040\000M\000e\000m\000b\000e\000r\000\040\000D\000a\000t\000a\000\040\000D\000o\000c\000u\000m\000e\000n\000t\000a\000t\000i\000o\000n}{section.6.4}% 70
\BOOKMARK [3][-]{subsubsection.6.4.2.1}{\376\377\0006\000.\0004\000.\0002\000.\0001\000\040\000a\000n\000g\000l\000e\000s}{subsection.6.4.2}% 71
\BOOKMARK [3][-]{subsubsection.6.4.2.2}{\376\377\0006\000.\0004\000.\0002\000.\0002\000\040\000c\000o\000l\000o\000r}{subsection.6.4.2}% 72
\BOOKMARK [1][-]{section.6.5}{\376\377\0006\000.\0005\000\040\000H\000o\000u\000g\000h\000\137\000c\000i\000r\000c\000l\000e\000\137\000p\000o\000i\000n\000t\000\137\000t\000\040\000S\000t\000r\000u\000c\000t\000\040\000R\000e\000f\000e\000r\000e\000n\000c\000e}{chapter.6}% 73
\BOOKMARK [2][-]{subsection.6.5.1}{\376\377\0006\000.\0005\000.\0001\000\040\000D\000e\000t\000a\000i\000l\000e\000d\000\040\000D\000e\000s\000c\000r\000i\000p\000t\000i\000o\000n}{section.6.5}% 74
\BOOKMARK [2][-]{subsection.6.5.2}{\376\377\0006\000.\0005\000.\0002\000\040\000M\000e\000m\000b\000e\000r\000\040\000D\000a\000t\000a\000\040\000D\000o\000c\000u\000m\000e\000n\000t\000a\000t\000i\000o\000n}{section.6.5}% 75
\BOOKMARK [3][-]{subsubsection.6.5.2.1}{\376\377\0006\000.\0005\000.\0002\000.\0001\000\040\000c\000o\000l\000o\000r}{subsection.6.5.2}% 76
\BOOKMARK [3][-]{subsubsection.6.5.2.2}{\376\377\0006\000.\0005\000.\0002\000.\0002\000\040\000d\000i\000s\000t\000a\000n\000c\000e}{subsection.6.5.2}% 77
\BOOKMARK [3][-]{subsubsection.6.5.2.3}{\376\377\0006\000.\0005\000.\0002\000.\0003\000\040\000x}{subsection.6.5.2}% 78
\BOOKMARK [3][-]{subsubsection.6.5.2.4}{\376\377\0006\000.\0005\000.\0002\000.\0004\000\040\000y}{subsection.6.5.2}% 79
\BOOKMARK [1][-]{section.6.6}{\376\377\0006\000.\0006\000\040\000p\000o\000i\000n\000t\000c\000l\000o\000u\000d\000\137\000t\000\040\000S\000t\000r\000u\000c\000t\000\040\000R\000e\000f\000e\000r\000e\000n\000c\000e}{chapter.6}% 80
\BOOKMARK [2][-]{subsection.6.6.1}{\376\377\0006\000.\0006\000.\0001\000\040\000D\000e\000t\000a\000i\000l\000e\000d\000\040\000D\000e\000s\000c\000r\000i\000p\000t\000i\000o\000n}{section.6.6}% 81
\BOOKMARK [2][-]{subsection.6.6.2}{\376\377\0006\000.\0006\000.\0002\000\040\000M\000e\000m\000b\000e\000r\000\040\000D\000a\000t\000a\000\040\000D\000o\000c\000u\000m\000e\000n\000t\000a\000t\000i\000o\000n}{section.6.6}% 82
\BOOKMARK [3][-]{subsubsection.6.6.2.1}{\376\377\0006\000.\0006\000.\0002\000.\0001\000\040\000c\000o\000l\000o\000r}{subsection.6.6.2}% 83
\BOOKMARK [3][-]{subsubsection.6.6.2.2}{\376\377\0006\000.\0006\000.\0002\000.\0002\000\040\000d\000i\000s\000t\000a\000n\000c\000e}{subsection.6.6.2}% 84
\BOOKMARK [3][-]{subsubsection.6.6.2.3}{\376\377\0006\000.\0006\000.\0002\000.\0003\000\040\000p\000o\000i\000n\000t\000\137\000x}{subsection.6.6.2}% 85
\BOOKMARK [3][-]{subsubsection.6.6.2.4}{\376\377\0006\000.\0006\000.\0002\000.\0004\000\040\000p\000o\000i\000n\000t\000\137\000y}{subsection.6.6.2}% 86
\BOOKMARK [1][-]{section.6.7}{\376\377\0006\000.\0007\000\040\000t\000a\000s\000k\000\137\000p\000a\000r\000\040\000S\000t\000r\000u\000c\000t\000\040\000R\000e\000f\000e\000r\000e\000n\000c\000e}{chapter.6}% 87
\BOOKMARK [2][-]{subsection.6.7.1}{\376\377\0006\000.\0007\000.\0001\000\040\000M\000e\000m\000b\000e\000r\000\040\000D\000a\000t\000a\000\040\000D\000o\000c\000u\000m\000e\000n\000t\000a\000t\000i\000o\000n}{section.6.7}% 88
\BOOKMARK [3][-]{subsubsection.6.7.1.1}{\376\377\0006\000.\0007\000.\0001\000.\0001\000\040\000a\000r\000g}{subsection.6.7.1}% 89
\BOOKMARK [3][-]{subsubsection.6.7.1.2}{\376\377\0006\000.\0007\000.\0001\000.\0002\000\040\000a\000s\000e\000m}{subsection.6.7.1}% 90
\BOOKMARK [3][-]{subsubsection.6.7.1.3}{\376\377\0006\000.\0007\000.\0001\000.\0003\000\040\000a\000t}{subsection.6.7.1}% 91
\BOOKMARK [3][-]{subsubsection.6.7.1.4}{\376\377\0006\000.\0007\000.\0001\000.\0004\000\040\000d\000e\000a\000d\000l\000i\000n\000e}{subsection.6.7.1}% 92
\BOOKMARK [3][-]{subsubsection.6.7.1.5}{\376\377\0006\000.\0007\000.\0001\000.\0005\000\040\000d\000l}{subsection.6.7.1}% 93
\BOOKMARK [3][-]{subsubsection.6.7.1.6}{\376\377\0006\000.\0007\000.\0001\000.\0006\000\040\000d\000m\000i\000s\000s}{subsection.6.7.1}% 94
\BOOKMARK [3][-]{subsubsection.6.7.1.7}{\376\377\0006\000.\0007\000.\0001\000.\0007\000\040\000p\000e\000r\000i\000o\000d}{subsection.6.7.1}% 95
\BOOKMARK [3][-]{subsubsection.6.7.1.8}{\376\377\0006\000.\0007\000.\0001\000.\0008\000\040\000p\000r\000i\000o}{subsection.6.7.1}% 96
\BOOKMARK [3][-]{subsubsection.6.7.1.9}{\376\377\0006\000.\0007\000.\0001\000.\0009\000\040\000t\000i\000d}{subsection.6.7.1}% 97
\BOOKMARK [1][-]{section.6.8}{\376\377\0006\000.\0008\000\040\000t\000i\000m\000e\000s\000p\000e\000c\000\137\000c\000u\000s\000t\000o\000m\000\040\000S\000t\000r\000u\000c\000t\000\040\000R\000e\000f\000e\000r\000e\000n\000c\000e}{chapter.6}% 98
\BOOKMARK [2][-]{subsection.6.8.1}{\376\377\0006\000.\0008\000.\0001\000\040\000M\000e\000m\000b\000e\000r\000\040\000D\000a\000t\000a\000\040\000D\000o\000c\000u\000m\000e\000n\000t\000a\000t\000i\000o\000n}{section.6.8}% 99
\BOOKMARK [3][-]{subsubsection.6.8.1.1}{\376\377\0006\000.\0008\000.\0001\000.\0001\000\040\000t\000v\000\137\000n\000s\000e\000c}{subsection.6.8.1}% 100
\BOOKMARK [3][-]{subsubsection.6.8.1.2}{\376\377\0006\000.\0008\000.\0001\000.\0002\000\040\000t\000v\000\137\000s\000e\000c}{subsection.6.8.1}% 101
\BOOKMARK [1][-]{section.6.9}{\376\377\0006\000.\0009\000\040\000w\000a\000y\000p\000o\000i\000n\000t\000\040\000S\000t\000r\000u\000c\000t\000\040\000R\000e\000f\000e\000r\000e\000n\000c\000e}{chapter.6}% 102
\BOOKMARK [2][-]{subsection.6.9.1}{\376\377\0006\000.\0009\000.\0001\000\040\000D\000e\000t\000a\000i\000l\000e\000d\000\040\000D\000e\000s\000c\000r\000i\000p\000t\000i\000o\000n}{section.6.9}% 103
\BOOKMARK [2][-]{subsection.6.9.2}{\376\377\0006\000.\0009\000.\0002\000\040\000M\000e\000m\000b\000e\000r\000\040\000D\000a\000t\000a\000\040\000D\000o\000c\000u\000m\000e\000n\000t\000a\000t\000i\000o\000n}{section.6.9}% 104
\BOOKMARK [3][-]{subsubsection.6.9.2.1}{\376\377\0006\000.\0009\000.\0002\000.\0001\000\040\000x}{subsection.6.9.2}% 105
\BOOKMARK [3][-]{subsubsection.6.9.2.2}{\376\377\0006\000.\0009\000.\0002\000.\0002\000\040\000y}{subsection.6.9.2}% 106
\BOOKMARK [0][-]{chapter.7}{\376\377\0007\000\040\000F\000i\000l\000e\000\040\000D\000o\000c\000u\000m\000e\000n\000t\000a\000t\000i\000o\000n}{}% 107
\BOOKMARK [1][-]{section.7.1}{\376\377\0007\000.\0001\000\040\000i\000n\000c\000l\000u\000d\000e\000/\000c\000o\000n\000t\000r\000o\000l\000.\000h\000\040\000F\000i\000l\000e\000\040\000R\000e\000f\000e\000r\000e\000n\000c\000e}{chapter.7}% 108
\BOOKMARK [2][-]{subsection.7.1.1}{\376\377\0007\000.\0001\000.\0001\000\040\000D\000e\000t\000a\000i\000l\000e\000d\000\040\000D\000e\000s\000c\000r\000i\000p\000t\000i\000o\000n}{section.7.1}% 109
\BOOKMARK [2][-]{subsection.7.1.2}{\376\377\0007\000.\0001\000.\0002\000\040\000F\000u\000n\000c\000t\000i\000o\000n\000\040\000D\000o\000c\000u\000m\000e\000n\000t\000a\000t\000i\000o\000n}{section.7.1}% 110
\BOOKMARK [3][-]{subsubsection.7.1.2.1}{\376\377\0007\000.\0001\000.\0002\000.\0001\000\040\000a\000u\000t\000o\000n\000o\000m\000o\000u\000s\000\137\000c\000o\000n\000t\000r\000o\000l\000\050\000\051}{subsection.7.1.2}% 111
\BOOKMARK [3][-]{subsubsection.7.1.2.2}{\376\377\0007\000.\0001\000.\0002\000.\0002\000\040\000k\000e\000y\000b\000o\000a\000r\000d\000\137\000c\000o\000n\000t\000r\000o\000l\000\050\000\051}{subsection.7.1.2}% 112
\BOOKMARK [2][-]{subsection.7.1.3}{\376\377\0007\000.\0001\000.\0003\000\040\000V\000a\000r\000i\000a\000b\000l\000e\000\040\000D\000o\000c\000u\000m\000e\000n\000t\000a\000t\000i\000o\000n}{section.7.1}% 113
\BOOKMARK [3][-]{subsubsection.7.1.3.1}{\376\377\0007\000.\0001\000.\0003\000.\0001\000\040\000p\000e\000d\000a\000l}{subsection.7.1.3}% 114
\BOOKMARK [3][-]{subsubsection.7.1.3.2}{\376\377\0007\000.\0001\000.\0003\000.\0002\000\040\000r\000e\000o\000r\000d\000e\000r\000e\000d\000\137\000a\000h\000e\000a\000d}{subsection.7.1.3}% 115
\BOOKMARK [3][-]{subsubsection.7.1.3.3}{\376\377\0007\000.\0001\000.\0003\000.\0003\000\040\000s\000t\000e\000e\000r\000i\000n\000g}{subsection.7.1.3}% 116
\BOOKMARK [3][-]{subsubsection.7.1.3.4}{\376\377\0007\000.\0001\000.\0003\000.\0004\000\040\000w\000p\000\137\000a\000h\000e\000a\000d\000\137\000i\000d\000x}{subsection.7.1.3}% 117
\BOOKMARK [1][-]{section.7.2}{\376\377\0007\000.\0002\000\040\000i\000n\000c\000l\000u\000d\000e\000/\000d\000i\000s\000p\000l\000a\000y\000.\000h\000\040\000F\000i\000l\000e\000\040\000R\000e\000f\000e\000r\000e\000n\000c\000e}{chapter.7}% 118
\BOOKMARK [2][-]{subsection.7.2.1}{\376\377\0007\000.\0002\000.\0001\000\040\000D\000e\000t\000a\000i\000l\000e\000d\000\040\000D\000e\000s\000c\000r\000i\000p\000t\000i\000o\000n}{section.7.2}% 119
\BOOKMARK [2][-]{subsection.7.2.2}{\376\377\0007\000.\0002\000.\0002\000\040\000M\000a\000c\000r\000o\000\040\000D\000e\000f\000i\000n\000i\000t\000i\000o\000n\000\040\000D\000o\000c\000u\000m\000e\000n\000t\000a\000t\000i\000o\000n}{section.7.2}% 120
\BOOKMARK [3][-]{subsubsection.7.2.2.1}{\376\377\0007\000.\0002\000.\0002\000.\0001\000\040\000n\000u\000m\000\137\000b\000u\000t\000t\000o\000n\000s}{subsection.7.2.2}% 121
\BOOKMARK [2][-]{subsection.7.2.3}{\376\377\0007\000.\0002\000.\0003\000\040\000F\000u\000n\000c\000t\000i\000o\000n\000\040\000D\000o\000c\000u\000m\000e\000n\000t\000a\000t\000i\000o\000n}{section.7.2}% 122
\BOOKMARK [3][-]{subsubsection.7.2.3.1}{\376\377\0007\000.\0002\000.\0003\000.\0001\000\040\000d\000r\000a\000w\000\137\000c\000a\000r\000\050\000\051}{subsection.7.2.3}% 123
\BOOKMARK [3][-]{subsubsection.7.2.3.2}{\376\377\0007\000.\0002\000.\0003\000.\0002\000\040\000d\000r\000a\000w\000\137\000c\000o\000n\000e\000\137\000m\000a\000p\000\050\000\051}{subsection.7.2.3}% 124
\BOOKMARK [3][-]{subsubsection.7.2.3.3}{\376\377\0007\000.\0002\000.\0003\000.\0003\000\040\000d\000r\000a\000w\000\137\000d\000e\000t\000e\000c\000t\000e\000d\000\137\000c\000o\000n\000e\000s\000\050\000\051}{subsection.7.2.3}% 125
\BOOKMARK [3][-]{subsubsection.7.2.3.4}{\376\377\0007\000.\0002\000.\0003\000.\0004\000\040\000d\000r\000a\000w\000\137\000d\000i\000r\000\137\000a\000r\000r\000o\000w\000\050\000\051}{subsection.7.2.3}% 126
\BOOKMARK [3][-]{subsubsection.7.2.3.5}{\376\377\0007\000.\0002\000.\0003\000.\0005\000\040\000d\000r\000a\000w\000\137\000l\000i\000d\000a\000r\000\050\000\051}{subsection.7.2.3}% 127
\BOOKMARK [3][-]{subsubsection.7.2.3.6}{\376\377\0007\000.\0002\000.\0003\000.\0006\000\040\000d\000r\000a\000w\000\137\000p\000e\000r\000c\000e\000p\000t\000i\000o\000n\000\050\000\051}{subsection.7.2.3}% 128
\BOOKMARK [3][-]{subsubsection.7.2.3.7}{\376\377\0007\000.\0002\000.\0003\000.\0007\000\040\000d\000r\000a\000w\000\137\000t\000r\000a\000c\000k\000\050\000\051}{subsection.7.2.3}% 129
\BOOKMARK [3][-]{subsubsection.7.2.3.8}{\376\377\0007\000.\0002\000.\0003\000.\0008\000\040\000d\000r\000a\000w\000\137\000t\000r\000a\000j\000e\000c\000t\000o\000r\000y\000\050\000\051}{subsection.7.2.3}% 130
\BOOKMARK [3][-]{subsubsection.7.2.3.9}{\376\377\0007\000.\0002\000.\0003\000.\0009\000\040\000u\000p\000d\000a\000t\000e\000\137\000d\000i\000s\000p\000l\000a\000y\000\050\000\051}{subsection.7.2.3}% 131
\BOOKMARK [2][-]{subsection.7.2.4}{\376\377\0007\000.\0002\000.\0004\000\040\000V\000a\000r\000i\000a\000b\000l\000e\000\040\000D\000o\000c\000u\000m\000e\000n\000t\000a\000t\000i\000o\000n}{section.7.2}% 132
\BOOKMARK [3][-]{subsubsection.7.2.4.1}{\376\377\0007\000.\0002\000.\0004\000.\0001\000\040\000b\000t\000n\000\137\000s\000t\000a\000t\000e\000\137\000a\000u\000t\000o\000n\000o\000m\000o\000u\000s}{subsection.7.2.4}% 133
\BOOKMARK [3][-]{subsubsection.7.2.4.2}{\376\377\0007\000.\0002\000.\0004\000.\0002\000\040\000b\000t\000n\000\137\000s\000t\000a\000t\000e\000\137\000c\000o\000n\000e\000s}{subsection.7.2.4}% 134
\BOOKMARK [3][-]{subsubsection.7.2.4.3}{\376\377\0007\000.\0002\000.\0004\000.\0003\000\040\000b\000t\000n\000\137\000s\000t\000a\000t\000e\000\137\000m\000a\000p}{subsection.7.2.4}% 135
\BOOKMARK [3][-]{subsubsection.7.2.4.4}{\376\377\0007\000.\0002\000.\0004\000.\0004\000\040\000b\000t\000n\000\137\000s\000t\000a\000t\000e\000\137\000p\000e\000r\000c\000e\000p\000t\000i\000o\000n}{subsection.7.2.4}% 136
\BOOKMARK [3][-]{subsubsection.7.2.4.5}{\376\377\0007\000.\0002\000.\0004\000.\0005\000\040\000b\000t\000n\000\137\000s\000t\000a\000t\000e\000\137\000t\000r\000a\000j}{subsection.7.2.4}% 137
\BOOKMARK [1][-]{section.7.3}{\376\377\0007\000.\0003\000\040\000i\000n\000c\000l\000u\000d\000e\000/\000g\000l\000o\000b\000a\000l\000s\000.\000h\000\040\000F\000i\000l\000e\000\040\000R\000e\000f\000e\000r\000e\000n\000c\000e}{chapter.7}% 138
\BOOKMARK [2][-]{subsection.7.3.1}{\376\377\0007\000.\0003\000.\0001\000\040\000D\000e\000t\000a\000i\000l\000e\000d\000\040\000D\000e\000s\000c\000r\000i\000p\000t\000i\000o\000n}{section.7.3}% 139
\BOOKMARK [2][-]{subsection.7.3.2}{\376\377\0007\000.\0003\000.\0002\000\040\000T\000a\000s\000k\000s\000\040\000C\000o\000n\000s\000t\000a\000n\000t\000s}{section.7.3}% 140
\BOOKMARK [2][-]{subsection.7.3.3}{\376\377\0007\000.\0003\000.\0003\000\040\000D\000r\000a\000w\000i\000n\000g\000\040\000M\000u\000t\000e\000x}{section.7.3}% 141
\BOOKMARK [2][-]{subsection.7.3.4}{\376\377\0007\000.\0003\000.\0004\000\040\000C\000o\000n\000v\000e\000r\000s\000i\000o\000n\000\040\000C\000o\000n\000s\000t\000a\000n\000t\000s}{section.7.3}% 142
\BOOKMARK [2][-]{subsection.7.3.5}{\376\377\0007\000.\0003\000.\0005\000\040\000V\000i\000s\000u\000a\000l\000i\000z\000a\000t\000i\000o\000n\000\040\000C\000o\000n\000s\000t\000a\000n\000t\000s}{section.7.3}% 143
\BOOKMARK [2][-]{subsection.7.3.6}{\376\377\0007\000.\0003\000.\0006\000\040\000C\000a\000r\000\040\000P\000o\000s\000e}{section.7.3}% 144
\BOOKMARK [2][-]{subsection.7.3.7}{\376\377\0007\000.\0003\000.\0007\000\040\000P\000e\000r\000c\000e\000p\000t\000i\000o\000n\000\040\000C\000o\000n\000s\000t\000a\000n\000t\000s}{section.7.3}% 145
\BOOKMARK [2][-]{subsection.7.3.8}{\376\377\0007\000.\0003\000.\0008\000\040\000M\000a\000c\000r\000o\000\040\000D\000e\000f\000i\000n\000i\000t\000i\000o\000n\000\040\000D\000o\000c\000u\000m\000e\000n\000t\000a\000t\000i\000o\000n}{section.7.3}% 146
\BOOKMARK [3][-]{subsubsection.7.3.8.1}{\376\377\0007\000.\0003\000.\0008\000.\0001\000\040\000C\000O\000N\000T\000R\000O\000L\000\137\000D\000E\000A\000D\000L\000I\000N\000E}{subsection.7.3.8}% 147
\BOOKMARK [3][-]{subsubsection.7.3.8.2}{\376\377\0007\000.\0003\000.\0008\000.\0002\000\040\000C\000O\000N\000T\000R\000O\000L\000\137\000I\000D}{subsection.7.3.8}% 148
\BOOKMARK [3][-]{subsubsection.7.3.8.3}{\376\377\0007\000.\0003\000.\0008\000.\0003\000\040\000C\000O\000N\000T\000R\000O\000L\000\137\000P\000E\000R\000I\000O\000D}{subsection.7.3.8}% 149
\BOOKMARK [3][-]{subsubsection.7.3.8.4}{\376\377\0007\000.\0003\000.\0008\000.\0004\000\040\000C\000O\000N\000T\000R\000O\000L\000\137\000P\000R\000I\000O\000R\000I\000T\000Y}{subsection.7.3.8}% 150
\BOOKMARK [3][-]{subsubsection.7.3.8.5}{\376\377\0007\000.\0003\000.\0008\000.\0005\000\040\000d\000e\000g\0002\000r\000a\000d}{subsection.7.3.8}% 151
\BOOKMARK [3][-]{subsubsection.7.3.8.6}{\376\377\0007\000.\0003\000.\0008\000.\0006\000\040\000D\000I\000S\000P\000L\000A\000Y\000\137\000D\000E\000A\000D\000L\000I\000N\000E}{subsection.7.3.8}% 152
\BOOKMARK [3][-]{subsubsection.7.3.8.7}{\376\377\0007\000.\0003\000.\0008\000.\0007\000\040\000D\000I\000S\000P\000L\000A\000Y\000\137\000I\000D}{subsection.7.3.8}% 153
\BOOKMARK [3][-]{subsubsection.7.3.8.8}{\376\377\0007\000.\0003\000.\0008\000.\0008\000\040\000D\000I\000S\000P\000L\000A\000Y\000\137\000P\000E\000R\000I\000O\000D}{subsection.7.3.8}% 154
\BOOKMARK [3][-]{subsubsection.7.3.8.9}{\376\377\0007\000.\0003\000.\0008\000.\0009\000\040\000D\000I\000S\000P\000L\000A\000Y\000\137\000P\000R\000I\000O\000R\000I\000T\000Y}{subsection.7.3.8}% 155
\BOOKMARK [3][-]{subsubsection.7.3.8.10}{\376\377\0007\000.\0003\000.\0008\000.\0001\0000\000\040\000M\000A\000X\000\137\000C\000O\000N\000E\000S\000\137\000M\000A\000P}{subsection.7.3.8}% 156
\BOOKMARK [3][-]{subsubsection.7.3.8.11}{\376\377\0007\000.\0003\000.\0008\000.\0001\0001\000\040\000M\000A\000X\000\137\000D\000E\000T\000E\000C\000T\000E\000D\000\137\000C\000O\000N\000E\000S}{subsection.7.3.8}% 157
\BOOKMARK [3][-]{subsubsection.7.3.8.12}{\376\377\0007\000.\0003\000.\0008\000.\0001\0002\000\040\000m\000a\000x\000T\000h\000r\000o\000t\000t\000l\000e\000H\000e\000i\000g\000h\000t}{subsection.7.3.8}% 158
\BOOKMARK [3][-]{subsubsection.7.3.8.13}{\376\377\0007\000.\0003\000.\0008\000.\0001\0003\000\040\000P\000E\000R\000C\000E\000P\000T\000I\000O\000N\000\137\000D\000E\000A\000D\000L\000I\000N\000E}{subsection.7.3.8}% 159
\BOOKMARK [3][-]{subsubsection.7.3.8.14}{\376\377\0007\000.\0003\000.\0008\000.\0001\0004\000\040\000P\000E\000R\000C\000E\000P\000T\000I\000O\000N\000\137\000I\000D}{subsection.7.3.8}% 160
\BOOKMARK [3][-]{subsubsection.7.3.8.15}{\376\377\0007\000.\0003\000.\0008\000.\0001\0005\000\040\000P\000E\000R\000C\000E\000P\000T\000I\000O\000N\000\137\000P\000E\000R\000I\000O\000D}{subsection.7.3.8}% 161
\BOOKMARK [3][-]{subsubsection.7.3.8.16}{\376\377\0007\000.\0003\000.\0008\000.\0001\0006\000\040\000P\000E\000R\000C\000E\000P\000T\000I\000O\000N\000\137\000P\000R\000I\000O\000R\000I\000T\000Y}{subsection.7.3.8}% 162
\BOOKMARK [3][-]{subsubsection.7.3.8.17}{\376\377\0007\000.\0003\000.\0008\000.\0001\0007\000\040\000P\000R\000O\000F\000I\000L\000I\000N\000G}{subsection.7.3.8}% 163
\BOOKMARK [3][-]{subsubsection.7.3.8.18}{\376\377\0007\000.\0003\000.\0008\000.\0001\0008\000\040\000p\000x\000\137\000p\000e\000r\000\137\000m\000e\000t\000e\000r}{subsection.7.3.8}% 164
\BOOKMARK [3][-]{subsubsection.7.3.8.19}{\376\377\0007\000.\0003\000.\0008\000.\0001\0009\000\040\000S\000E\000T\000T\000I\000N\000G\000S\000\137\000D\000E\000A\000D\000L\000I\000N\000E}{subsection.7.3.8}% 165
\BOOKMARK [3][-]{subsubsection.7.3.8.20}{\376\377\0007\000.\0003\000.\0008\000.\0002\0000\000\040\000S\000E\000T\000T\000I\000N\000G\000S\000\137\000I\000D}{subsection.7.3.8}% 166
\BOOKMARK [3][-]{subsubsection.7.3.8.21}{\376\377\0007\000.\0003\000.\0008\000.\0002\0001\000\040\000S\000E\000T\000T\000I\000N\000G\000S\000\137\000P\000E\000R\000I\000O\000D}{subsection.7.3.8}% 167
\BOOKMARK [3][-]{subsubsection.7.3.8.22}{\376\377\0007\000.\0003\000.\0008\000.\0002\0002\000\040\000S\000E\000T\000T\000I\000N\000G\000S\000\137\000P\000R\000I\000O\000R\000I\000T\000Y}{subsection.7.3.8}% 168
\BOOKMARK [3][-]{subsubsection.7.3.8.23}{\376\377\0007\000.\0003\000.\0008\000.\0002\0003\000\040\000T\000R\000A\000J\000E\000C\000T\000O\000R\000Y\000\137\000D\000E\000A\000D\000L\000I\000N\000E}{subsection.7.3.8}% 169
\BOOKMARK [3][-]{subsubsection.7.3.8.24}{\376\377\0007\000.\0003\000.\0008\000.\0002\0004\000\040\000T\000R\000A\000J\000E\000C\000T\000O\000R\000Y\000\137\000I\000D}{subsection.7.3.8}% 170
\BOOKMARK [3][-]{subsubsection.7.3.8.25}{\376\377\0007\000.\0003\000.\0008\000.\0002\0005\000\040\000T\000R\000A\000J\000E\000C\000T\000O\000R\000Y\000\137\000P\000E\000R\000I\000O\000D}{subsection.7.3.8}% 171
\BOOKMARK [3][-]{subsubsection.7.3.8.26}{\376\377\0007\000.\0003\000.\0008\000.\0002\0006\000\040\000T\000R\000A\000J\000E\000C\000T\000O\000R\000Y\000\137\000P\000R\000I\000O\000R\000I\000T\000Y}{subsection.7.3.8}% 172
\BOOKMARK [2][-]{subsection.7.3.9}{\376\377\0007\000.\0003\000.\0009\000\040\000V\000a\000r\000i\000a\000b\000l\000e\000\040\000D\000o\000c\000u\000m\000e\000n\000t\000a\000t\000i\000o\000n}{section.7.3}% 173
\BOOKMARK [3][-]{subsubsection.7.3.9.1}{\376\377\0007\000.\0003\000.\0009\000.\0001\000\040\000a\000s\000p\000h\000a\000l\000t\000\137\000g\000r\000a\000y}{subsection.7.3.9}% 174
\BOOKMARK [3][-]{subsubsection.7.3.9.2}{\376\377\0007\000.\0003\000.\0009\000.\0002\000\040\000b\000a\000c\000k\000g\000r\000o\000u\000n\000d}{subsection.7.3.9}% 175
\BOOKMARK [3][-]{subsubsection.7.3.9.3}{\376\377\0007\000.\0003\000.\0009\000.\0003\000\040\000b\000l\000u\000e}{subsection.7.3.9}% 176
\BOOKMARK [3][-]{subsubsection.7.3.9.4}{\376\377\0007\000.\0003\000.\0009\000.\0004\000\040\000c\000a\000r}{subsection.7.3.9}% 177
\BOOKMARK [3][-]{subsubsection.7.3.9.5}{\376\377\0007\000.\0003\000.\0009\000.\0005\000\040\000c\000a\000r\000\137\000a\000n\000g\000l\000e}{subsection.7.3.9}% 178
\BOOKMARK [3][-]{subsubsection.7.3.9.6}{\376\377\0007\000.\0003\000.\0009\000.\0006\000\040\000c\000a\000r\000\137\000m\000u\000t\000e\000x}{subsection.7.3.9}% 179
\BOOKMARK [3][-]{subsubsection.7.3.9.7}{\376\377\0007\000.\0003\000.\0009\000.\0007\000\040\000c\000a\000r\000\137\000x}{subsection.7.3.9}% 180
\BOOKMARK [3][-]{subsubsection.7.3.9.8}{\376\377\0007\000.\0003\000.\0009\000.\0008\000\040\000c\000a\000r\000\137\000y}{subsection.7.3.9}% 181
\BOOKMARK [3][-]{subsubsection.7.3.9.9}{\376\377\0007\000.\0003\000.\0009\000.\0009\000\040\000c\000o\000n\000e\000\137\000r\000a\000d\000i\000u\000s}{subsection.7.3.9}% 182
\BOOKMARK [3][-]{subsubsection.7.3.9.10}{\376\377\0007\000.\0003\000.\0009\000.\0001\0000\000\040\000c\000o\000n\000e\000s}{subsection.7.3.9}% 183
\BOOKMARK [3][-]{subsubsection.7.3.9.11}{\376\377\0007\000.\0003\000.\0009\000.\0001\0001\000\040\000c\000o\000n\000t\000r\000o\000l\000\137\000p\000a\000n\000e\000l}{subsection.7.3.9}% 184
\BOOKMARK [3][-]{subsubsection.7.3.9.12}{\376\377\0007\000.\0003\000.\0009\000.\0001\0002\000\040\000d\000i\000s\000p\000l\000a\000y\000\137\000b\000u\000f\000f\000e\000r}{subsection.7.3.9}% 185
\BOOKMARK [3][-]{subsubsection.7.3.9.13}{\376\377\0007\000.\0003\000.\0009\000.\0001\0003\000\040\000d\000l\000\137\000m\000i\000s\000s\000\137\000c\000o\000n\000t\000r\000o\000l}{subsection.7.3.9}% 186
\BOOKMARK [3][-]{subsubsection.7.3.9.14}{\376\377\0007\000.\0003\000.\0009\000.\0001\0004\000\040\000d\000l\000\137\000m\000i\000s\000s\000\137\000d\000i\000s\000p\000l\000a\000y}{subsection.7.3.9}% 187
\BOOKMARK [3][-]{subsubsection.7.3.9.15}{\376\377\0007\000.\0003\000.\0009\000.\0001\0005\000\040\000d\000l\000\137\000m\000i\000s\000s\000\137\000p\000e\000r\000c\000e\000p\000t\000i\000o\000n}{subsection.7.3.9}% 188
\BOOKMARK [3][-]{subsubsection.7.3.9.16}{\376\377\0007\000.\0003\000.\0009\000.\0001\0006\000\040\000d\000l\000\137\000m\000i\000s\000s\000\137\000s\000e\000t\000t\000i\000n\000g\000s}{subsection.7.3.9}% 189
\BOOKMARK [3][-]{subsubsection.7.3.9.17}{\376\377\0007\000.\0003\000.\0009\000.\0001\0007\000\040\000d\000l\000\137\000m\000i\000s\000s\000\137\000t\000r\000a\000j\000e\000c\000t\000o\000r\000y}{subsection.7.3.9}% 190
\BOOKMARK [3][-]{subsubsection.7.3.9.18}{\376\377\0007\000.\0003\000.\0009\000.\0001\0008\000\040\000d\000r\000a\000w\000\137\000m\000u\000t\000e\000x}{subsection.7.3.9}% 191
\BOOKMARK [3][-]{subsubsection.7.3.9.19}{\376\377\0007\000.\0003\000.\0009\000.\0001\0009\000\040\000g\000r\000a\000s\000s\000\137\000g\000r\000e\000e\000n}{subsection.7.3.9}% 192
\BOOKMARK [3][-]{subsubsection.7.3.9.20}{\376\377\0007\000.\0003\000.\0009\000.\0002\0000\000\040\000g\000r\000e\000e\000n}{subsection.7.3.9}% 193
\BOOKMARK [3][-]{subsubsection.7.3.9.21}{\376\377\0007\000.\0003\000.\0009\000.\0002\0001\000\040\000l\000i\000d\000a\000r\000\137\000s\000e\000m}{subsection.7.3.9}% 194
\BOOKMARK [3][-]{subsubsection.7.3.9.22}{\376\377\0007\000.\0003\000.\0009\000.\0002\0002\000\040\000m\000a\000p\000\137\000m\000u\000t\000e\000x}{subsection.7.3.9}% 195
\BOOKMARK [3][-]{subsubsection.7.3.9.23}{\376\377\0007\000.\0003\000.\0009\000.\0002\0003\000\040\000m\000e\000a\000s\000u\000r\000e\000s}{subsection.7.3.9}% 196
\BOOKMARK [3][-]{subsubsection.7.3.9.24}{\376\377\0007\000.\0003\000.\0009\000.\0002\0004\000\040\000p\000e\000r\000c\000e\000p\000t\000i\000o\000n}{subsection.7.3.9}% 197
\BOOKMARK [3][-]{subsubsection.7.3.9.25}{\376\377\0007\000.\0003\000.\0009\000.\0002\0005\000\040\000p\000i\000n\000k}{subsection.7.3.9}% 198
\BOOKMARK [3][-]{subsubsection.7.3.9.26}{\376\377\0007\000.\0003\000.\0009\000.\0002\0006\000\040\000r\000e\000d}{subsection.7.3.9}% 199
\BOOKMARK [3][-]{subsubsection.7.3.9.27}{\376\377\0007\000.\0003\000.\0009\000.\0002\0007\000\040\000s\000t\000a\000r\000t\000i\000n\000g\000\137\000c\000o\000n\000e\000\137\000p\000o\000s\000i\000t\000i\000o\000n\000s}{subsection.7.3.9}% 200
\BOOKMARK [3][-]{subsubsection.7.3.9.28}{\376\377\0007\000.\0003\000.\0009\000.\0002\0008\000\040\000s\000t\000e\000e\000r\000i\000n\000g\000\137\000w\000h\000e\000e\000l}{subsection.7.3.9}% 201
\BOOKMARK [3][-]{subsubsection.7.3.9.29}{\376\377\0007\000.\0003\000.\0009\000.\0002\0009\000\040\000t\000h\000r\000o\000t\000t\000l\000e\000\137\000g\000a\000u\000g\000e}{subsection.7.3.9}% 202
\BOOKMARK [3][-]{subsubsection.7.3.9.30}{\376\377\0007\000.\0003\000.\0009\000.\0003\0000\000\040\000t\000i\000t\000l\000e}{subsection.7.3.9}% 203
\BOOKMARK [3][-]{subsubsection.7.3.9.31}{\376\377\0007\000.\0003\000.\0009\000.\0003\0001\000\040\000t\000r\000a\000c\000k}{subsection.7.3.9}% 204
\BOOKMARK [3][-]{subsubsection.7.3.9.32}{\376\377\0007\000.\0003\000.\0009\000.\0003\0002\000\040\000t\000r\000a\000j\000e\000c\000t\000o\000r\000y\000\137\000b\000m\000p}{subsection.7.3.9}% 205
\BOOKMARK [3][-]{subsubsection.7.3.9.33}{\376\377\0007\000.\0003\000.\0009\000.\0003\0003\000\040\000w\000h\000i\000t\000e}{subsection.7.3.9}% 206
\BOOKMARK [3][-]{subsubsection.7.3.9.34}{\376\377\0007\000.\0003\000.\0009\000.\0003\0004\000\040\000X\000\137\000M\000A\000X}{subsection.7.3.9}% 207
\BOOKMARK [3][-]{subsubsection.7.3.9.35}{\376\377\0007\000.\0003\000.\0009\000.\0003\0005\000\040\000Y\000\137\000M\000A\000X}{subsection.7.3.9}% 208
\BOOKMARK [3][-]{subsubsection.7.3.9.36}{\376\377\0007\000.\0003\000.\0009\000.\0003\0006\000\040\000y\000e\000l\000l\000o\000w}{subsection.7.3.9}% 209
\BOOKMARK [1][-]{section.7.4}{\376\377\0007\000.\0004\000\040\000i\000n\000c\000l\000u\000d\000e\000/\000p\000e\000r\000c\000e\000p\000t\000i\000o\000n\000.\000h\000\040\000F\000i\000l\000e\000\040\000R\000e\000f\000e\000r\000e\000n\000c\000e}{chapter.7}% 210
\BOOKMARK [2][-]{subsection.7.4.1}{\376\377\0007\000.\0004\000.\0001\000\040\000D\000e\000t\000a\000i\000l\000e\000d\000\040\000D\000e\000s\000c\000r\000i\000p\000t\000i\000o\000n}{section.7.4}% 211
\BOOKMARK [2][-]{subsection.7.4.2}{\376\377\0007\000.\0004\000.\0002\000\040\000M\000a\000c\000r\000o\000\040\000D\000e\000f\000i\000n\000i\000t\000i\000o\000n\000\040\000D\000o\000c\000u\000m\000e\000n\000t\000a\000t\000i\000o\000n}{section.7.4}% 212
\BOOKMARK [3][-]{subsubsection.7.4.2.1}{\376\377\0007\000.\0004\000.\0002\000.\0001\000\040\000D\000E\000T\000E\000C\000T\000I\000O\000N\000S\000\137\000T\000H\000R\000E\000S\000H\000O\000L\000D}{subsection.7.4.2}% 213
\BOOKMARK [3][-]{subsubsection.7.4.2.2}{\376\377\0007\000.\0004\000.\0002\000.\0002\000\040\000M\000A\000X\000\137\000C\000A\000N\000D\000I\000D\000A\000T\000E\000S}{subsection.7.4.2}% 214
\BOOKMARK [3][-]{subsubsection.7.4.2.3}{\376\377\0007\000.\0004\000.\0002\000.\0003\000\040\000M\000A\000X\000\137\000P\000O\000I\000N\000T\000S\000\137\000P\000E\000R\000\137\000C\000O\000N\000E}{subsection.7.4.2}% 215
\BOOKMARK [3][-]{subsubsection.7.4.2.4}{\376\377\0007\000.\0004\000.\0002\000.\0004\000\040\000m\000a\000x\000R\000a\000n\000g\000e}{subsection.7.4.2}% 216
\BOOKMARK [1][-]{section.7.5}{\376\377\0007\000.\0005\000\040\000i\000n\000c\000l\000u\000d\000e\000/\000p\000t\000a\000s\000k\000.\000h\000\040\000F\000i\000l\000e\000\040\000R\000e\000f\000e\000r\000e\000n\000c\000e}{chapter.7}% 217
\BOOKMARK [2][-]{subsection.7.5.1}{\376\377\0007\000.\0005\000.\0001\000\040\000D\000e\000t\000a\000i\000l\000e\000d\000\040\000D\000e\000s\000c\000r\000i\000p\000t\000i\000o\000n}{section.7.5}% 218
\BOOKMARK [2][-]{subsection.7.5.2}{\376\377\0007\000.\0005\000.\0002\000\040\000M\000a\000c\000r\000o\000\040\000D\000e\000f\000i\000n\000i\000t\000i\000o\000n\000\040\000D\000o\000c\000u\000m\000e\000n\000t\000a\000t\000i\000o\000n}{section.7.5}% 219
\BOOKMARK [3][-]{subsubsection.7.5.2.1}{\376\377\0007\000.\0005\000.\0002\000.\0001\000\040\000\137\000P\000O\000S\000I\000X\000\137\000C\000\137\000S\000O\000U\000R\000C\000E}{subsection.7.5.2}% 220
\BOOKMARK [3][-]{subsubsection.7.5.2.2}{\376\377\0007\000.\0005\000.\0002\000.\0002\000\040\000A\000C\000T}{subsection.7.5.2}% 221
\BOOKMARK [3][-]{subsubsection.7.5.2.3}{\376\377\0007\000.\0005\000.\0002\000.\0003\000\040\000D\000E\000A\000C\000T}{subsection.7.5.2}% 222
\BOOKMARK [3][-]{subsubsection.7.5.2.4}{\376\377\0007\000.\0005\000.\0002\000.\0004\000\040\000M\000A\000X\000\137\000T\000A\000S\000K\000S}{subsection.7.5.2}% 223
\BOOKMARK [3][-]{subsubsection.7.5.2.5}{\376\377\0007\000.\0005\000.\0002\000.\0005\000\040\000M\000I\000C\000R\000O}{subsection.7.5.2}% 224
\BOOKMARK [3][-]{subsubsection.7.5.2.6}{\376\377\0007\000.\0005\000.\0002\000.\0006\000\040\000N\000A\000N\000O}{subsection.7.5.2}% 225
\BOOKMARK [2][-]{subsection.7.5.3}{\376\377\0007\000.\0005\000.\0003\000\040\000T\000y\000p\000e\000d\000e\000f\000\040\000D\000o\000c\000u\000m\000e\000n\000t\000a\000t\000i\000o\000n}{section.7.5}% 226
\BOOKMARK [3][-]{subsubsection.7.5.3.1}{\376\377\0007\000.\0005\000.\0003\000.\0001\000\040\000t\000a\000s\000k\000\137\000p\000a\000r}{subsection.7.5.3}% 227
\BOOKMARK [3][-]{subsubsection.7.5.3.2}{\376\377\0007\000.\0005\000.\0003\000.\0002\000\040\000t\000i\000m\000e\000s\000p\000e\000c\000\137\000c\000u\000s\000t\000o\000m}{subsection.7.5.3}% 228
\BOOKMARK [2][-]{subsection.7.5.4}{\376\377\0007\000.\0005\000.\0004\000\040\000F\000u\000n\000c\000t\000i\000o\000n\000\040\000D\000o\000c\000u\000m\000e\000n\000t\000a\000t\000i\000o\000n}{section.7.5}% 229
\BOOKMARK [3][-]{subsubsection.7.5.4.1}{\376\377\0007\000.\0005\000.\0004\000.\0001\000\040\000d\000e\000a\000d\000l\000i\000n\000e\000\137\000m\000i\000s\000s\000\050\000\051}{subsection.7.5.4}% 230
\BOOKMARK [3][-]{subsubsection.7.5.4.2}{\376\377\0007\000.\0005\000.\0004\000.\0002\000\040\000g\000e\000t\000\137\000s\000y\000s\000t\000i\000m\000e\000\050\000\051}{subsection.7.5.4}% 231
\BOOKMARK [3][-]{subsubsection.7.5.4.3}{\376\377\0007\000.\0005\000.\0004\000.\0003\000\040\000g\000e\000t\000\137\000t\000a\000s\000k\000\137\000i\000n\000d\000e\000x\000\050\000\051}{subsection.7.5.4}% 232
\BOOKMARK [3][-]{subsubsection.7.5.4.4}{\376\377\0007\000.\0005\000.\0004\000.\0004\000\040\000p\000t\000a\000s\000k\000\137\000i\000n\000i\000t\000\050\000\051}{subsection.7.5.4}% 233
\BOOKMARK [3][-]{subsubsection.7.5.4.5}{\376\377\0007\000.\0005\000.\0004\000.\0005\000\040\000t\000a\000s\000k\000\137\000a\000c\000t\000i\000v\000a\000t\000e\000\050\000\051}{subsection.7.5.4}% 234
\BOOKMARK [3][-]{subsubsection.7.5.4.6}{\376\377\0007\000.\0005\000.\0004\000.\0006\000\040\000t\000a\000s\000k\000\137\000a\000d\000l\000i\000n\000e\000\050\000\051}{subsection.7.5.4}% 235
\BOOKMARK [3][-]{subsubsection.7.5.4.7}{\376\377\0007\000.\0005\000.\0004\000.\0007\000\040\000t\000a\000s\000k\000\137\000a\000t\000i\000m\000e\000\050\000\051}{subsection.7.5.4}% 236
\BOOKMARK [3][-]{subsubsection.7.5.4.8}{\376\377\0007\000.\0005\000.\0004\000.\0008\000\040\000t\000a\000s\000k\000\137\000c\000r\000e\000a\000t\000e\000\050\000\051}{subsection.7.5.4}% 237
\BOOKMARK [3][-]{subsubsection.7.5.4.9}{\376\377\0007\000.\0005\000.\0004\000.\0009\000\040\000t\000a\000s\000k\000\137\000d\000e\000a\000d\000l\000i\000n\000e\000\050\000\051}{subsection.7.5.4}% 238
\BOOKMARK [3][-]{subsubsection.7.5.4.10}{\376\377\0007\000.\0005\000.\0004\000.\0001\0000\000\040\000t\000a\000s\000k\000\137\000d\000m\000i\000s\000s\000\050\000\051}{subsection.7.5.4}% 239
\BOOKMARK [3][-]{subsubsection.7.5.4.11}{\376\377\0007\000.\0005\000.\0004\000.\0001\0001\000\040\000t\000a\000s\000k\000\137\000p\000e\000r\000i\000o\000d\000\050\000\051}{subsection.7.5.4}% 240
\BOOKMARK [3][-]{subsubsection.7.5.4.12}{\376\377\0007\000.\0005\000.\0004\000.\0001\0002\000\040\000t\000a\000s\000k\000\137\000s\000e\000t\000\137\000d\000e\000a\000d\000l\000i\000n\000e\000\050\000\051}{subsection.7.5.4}% 241
\BOOKMARK [3][-]{subsubsection.7.5.4.13}{\376\377\0007\000.\0005\000.\0004\000.\0001\0003\000\040\000t\000a\000s\000k\000\137\000s\000e\000t\000\137\000p\000e\000r\000i\000o\000d\000\050\000\051}{subsection.7.5.4}% 242
\BOOKMARK [3][-]{subsubsection.7.5.4.14}{\376\377\0007\000.\0005\000.\0004\000.\0001\0004\000\040\000t\000i\000m\000e\000\137\000a\000d\000d\000\137\000m\000s\000\050\000\051}{subsection.7.5.4}% 243
\BOOKMARK [3][-]{subsubsection.7.5.4.15}{\376\377\0007\000.\0005\000.\0004\000.\0001\0005\000\040\000t\000i\000m\000e\000\137\000c\000m\000p\000\050\000\051}{subsection.7.5.4}% 244
\BOOKMARK [3][-]{subsubsection.7.5.4.16}{\376\377\0007\000.\0005\000.\0004\000.\0001\0006\000\040\000t\000i\000m\000e\000\137\000c\000o\000p\000y\000\050\000\051}{subsection.7.5.4}% 245
\BOOKMARK [3][-]{subsubsection.7.5.4.17}{\376\377\0007\000.\0005\000.\0004\000.\0001\0007\000\040\000w\000a\000i\000t\000\137\000f\000o\000r\000\137\000a\000c\000t\000i\000v\000a\000t\000i\000o\000n\000\050\000\051}{subsection.7.5.4}% 246
\BOOKMARK [3][-]{subsubsection.7.5.4.18}{\376\377\0007\000.\0005\000.\0004\000.\0001\0008\000\040\000w\000a\000i\000t\000\137\000f\000o\000r\000\137\000p\000e\000r\000i\000o\000d\000\050\000\051}{subsection.7.5.4}% 247
\BOOKMARK [3][-]{subsubsection.7.5.4.19}{\376\377\0007\000.\0005\000.\0004\000.\0001\0009\000\040\000w\000a\000i\000t\000\137\000f\000o\000r\000\137\000t\000a\000s\000k\000\137\000e\000n\000d\000\050\000\051}{subsection.7.5.4}% 248
\BOOKMARK [2][-]{subsection.7.5.5}{\376\377\0007\000.\0005\000.\0005\000\040\000V\000a\000r\000i\000a\000b\000l\000e\000\040\000D\000o\000c\000u\000m\000e\000n\000t\000a\000t\000i\000o\000n}{section.7.5}% 249
\BOOKMARK [3][-]{subsubsection.7.5.5.1}{\376\377\0007\000.\0005\000.\0005\000.\0001\000\040\000p\000t\000a\000s\000k\000\137\000p\000o\000l\000i\000c\000y}{subsection.7.5.5}% 250
\BOOKMARK [3][-]{subsubsection.7.5.5.2}{\376\377\0007\000.\0005\000.\0005\000.\0002\000\040\000p\000t\000a\000s\000k\000\137\000t\0000}{subsection.7.5.5}% 251
\BOOKMARK [3][-]{subsubsection.7.5.5.3}{\376\377\0007\000.\0005\000.\0005\000.\0003\000\040\000t\000p}{subsection.7.5.5}% 252
\BOOKMARK [1][-]{section.7.6}{\376\377\0007\000.\0006\000\040\000i\000n\000c\000l\000u\000d\000e\000/\000t\000a\000s\000k\000s\000.\000h\000\040\000F\000i\000l\000e\000\040\000R\000e\000f\000e\000r\000e\000n\000c\000e}{chapter.7}% 253
\BOOKMARK [2][-]{subsection.7.6.1}{\376\377\0007\000.\0006\000.\0001\000\040\000D\000e\000t\000a\000i\000l\000e\000d\000\040\000D\000e\000s\000c\000r\000i\000p\000t\000i\000o\000n}{section.7.6}% 254
\BOOKMARK [2][-]{subsection.7.6.2}{\376\377\0007\000.\0006\000.\0002\000\040\000F\000u\000n\000c\000t\000i\000o\000n\000\040\000D\000o\000c\000u\000m\000e\000n\000t\000a\000t\000i\000o\000n}{section.7.6}% 255
\BOOKMARK [3][-]{subsubsection.7.6.2.1}{\376\377\0007\000.\0006\000.\0002\000.\0001\000\040\000c\000o\000n\000t\000r\000o\000l\000\137\000t\000a\000s\000k\000\050\000\051}{subsection.7.6.2}% 256
\BOOKMARK [3][-]{subsubsection.7.6.2.2}{\376\377\0007\000.\0006\000.\0002\000.\0002\000\040\000d\000i\000s\000p\000l\000a\000y\000\137\000t\000a\000s\000k\000\050\000\051}{subsection.7.6.2}% 257
\BOOKMARK [3][-]{subsubsection.7.6.2.3}{\376\377\0007\000.\0006\000.\0002\000.\0003\000\040\000p\000e\000r\000c\000e\000p\000t\000i\000o\000n\000\137\000t\000a\000s\000k\000\050\000\051}{subsection.7.6.2}% 258
\BOOKMARK [3][-]{subsubsection.7.6.2.4}{\376\377\0007\000.\0006\000.\0002\000.\0004\000\040\000s\000e\000t\000t\000i\000n\000g\000s\000\137\000t\000a\000s\000k\000\050\000\051}{subsection.7.6.2}% 259
\BOOKMARK [3][-]{subsubsection.7.6.2.5}{\376\377\0007\000.\0006\000.\0002\000.\0005\000\040\000t\000r\000a\000j\000e\000c\000t\000o\000r\000y\000\137\000t\000a\000s\000k\000\050\000\051}{subsection.7.6.2}% 260
\BOOKMARK [1][-]{section.7.7}{\376\377\0007\000.\0007\000\040\000i\000n\000c\000l\000u\000d\000e\000/\000t\000r\000a\000j\000e\000c\000t\000o\000r\000y\000.\000h\000\040\000F\000i\000l\000e\000\040\000R\000e\000f\000e\000r\000e\000n\000c\000e}{chapter.7}% 261
\BOOKMARK [2][-]{subsection.7.7.1}{\376\377\0007\000.\0007\000.\0001\000\040\000D\000e\000t\000a\000i\000l\000e\000d\000\040\000D\000e\000s\000c\000r\000i\000p\000t\000i\000o\000n}{section.7.7}% 262
\BOOKMARK [2][-]{subsection.7.7.2}{\376\377\0007\000.\0007\000.\0002\000\040\000M\000a\000c\000r\000o\000\040\000D\000e\000f\000i\000n\000i\000t\000i\000o\000n\000\040\000D\000o\000c\000u\000m\000e\000n\000t\000a\000t\000i\000o\000n}{section.7.7}% 263
\BOOKMARK [3][-]{subsubsection.7.7.2.1}{\376\377\0007\000.\0007\000.\0002\000.\0001\000\040\000M\000A\000X\000\137\000W\000A\000Y\000P\000O\000I\000N\000T\000S}{subsection.7.7.2}% 264
\BOOKMARK [2][-]{subsection.7.7.3}{\376\377\0007\000.\0007\000.\0003\000\040\000F\000u\000n\000c\000t\000i\000o\000n\000\040\000D\000o\000c\000u\000m\000e\000n\000t\000a\000t\000i\000o\000n}{section.7.7}% 265
\BOOKMARK [3][-]{subsubsection.7.7.3.1}{\376\377\0007\000.\0007\000.\0003\000.\0001\000\040\000t\000r\000a\000j\000e\000c\000t\000o\000r\000y\000\137\000p\000l\000a\000n\000n\000i\000n\000g\000\050\000\051}{subsection.7.7.3}% 266
\BOOKMARK [2][-]{subsection.7.7.4}{\376\377\0007\000.\0007\000.\0004\000\040\000V\000a\000r\000i\000a\000b\000l\000e\000\040\000D\000o\000c\000u\000m\000e\000n\000t\000a\000t\000i\000o\000n}{section.7.7}% 267
\BOOKMARK [3][-]{subsubsection.7.7.4.1}{\376\377\0007\000.\0007\000.\0004\000.\0001\000\040\000t\000r\000a\000j\000e\000c\000t\000o\000r\000y}{subsection.7.7.4}% 268
\BOOKMARK [3][-]{subsubsection.7.7.4.2}{\376\377\0007\000.\0007\000.\0004\000.\0002\000\040\000t\000r\000a\000j\000e\000c\000t\000o\000r\000y\000\137\000i\000d\000x}{subsection.7.7.4}% 269
\BOOKMARK [1][-]{section.7.8}{\376\377\0007\000.\0008\000\040\000i\000n\000c\000l\000u\000d\000e\000/\000u\000t\000i\000l\000i\000t\000i\000e\000s\000.\000h\000\040\000F\000i\000l\000e\000\040\000R\000e\000f\000e\000r\000e\000n\000c\000e}{chapter.7}% 270
\BOOKMARK [2][-]{subsection.7.8.1}{\376\377\0007\000.\0008\000.\0001\000\040\000D\000e\000t\000a\000i\000l\000e\000d\000\040\000D\000e\000s\000c\000r\000i\000p\000t\000i\000o\000n}{section.7.8}% 271
\BOOKMARK [2][-]{subsection.7.8.2}{\376\377\0007\000.\0008\000.\0002\000\040\000F\000u\000n\000c\000t\000i\000o\000n\000\040\000D\000o\000c\000u\000m\000e\000n\000t\000a\000t\000i\000o\000n}{section.7.8}% 272
\BOOKMARK [3][-]{subsubsection.7.8.2.1}{\376\377\0007\000.\0008\000.\0002\000.\0001\000\040\000a\000n\000g\000l\000e\000\137\000r\000o\000t\000a\000t\000i\000o\000n\000\137\000s\000p\000r\000i\000t\000e\000\050\000\051}{subsection.7.8.2}% 273
\BOOKMARK [3][-]{subsubsection.7.8.2.2}{\376\377\0007\000.\0008\000.\0002\000.\0002\000\040\000i\000n\000i\000t\000\137\000c\000o\000n\000e\000s\000\050\000\051}{subsection.7.8.2}% 274
\BOOKMARK [3][-]{subsubsection.7.8.2.3}{\376\377\0007\000.\0008\000.\0002\000.\0003\000\040\000l\000o\000a\000d\000\137\000c\000o\000n\000e\000s\000\137\000p\000o\000s\000i\000t\000i\000o\000n\000s\000\050\000\051}{subsection.7.8.2}% 275
\BOOKMARK [3][-]{subsubsection.7.8.2.4}{\376\377\0007\000.\0008\000.\0002\000.\0004\000\040\000r\000u\000n\000t\000i\000m\000e\000\050\000\051}{subsection.7.8.2}% 276
\BOOKMARK [1][-]{section.7.9}{\376\377\0007\000.\0009\000\040\000i\000n\000c\000l\000u\000d\000e\000/\000v\000e\000h\000i\000c\000l\000e\000.\000h\000\040\000F\000i\000l\000e\000\040\000R\000e\000f\000e\000r\000e\000n\000c\000e}{chapter.7}% 277
\BOOKMARK [1][-]{section.7.10}{\376\377\0007\000.\0001\0000\000\040\000r\000e\000a\000d\000m\000e\000.\000m\000d\000\040\000F\000i\000l\000e\000\040\000R\000e\000f\000e\000r\000e\000n\000c\000e}{chapter.7}% 278
\BOOKMARK [1][-]{section.7.11}{\376\377\0007\000.\0001\0001\000\040\000s\000r\000c\000/\000c\000o\000n\000t\000r\000o\000l\000.\000c\000\040\000F\000i\000l\000e\000\040\000R\000e\000f\000e\000r\000e\000n\000c\000e}{chapter.7}% 279
\BOOKMARK [2][-]{subsection.7.11.1}{\376\377\0007\000.\0001\0001\000.\0001\000\040\000D\000e\000t\000a\000i\000l\000e\000d\000\040\000D\000e\000s\000c\000r\000i\000p\000t\000i\000o\000n}{section.7.11}% 280
\BOOKMARK [2][-]{subsection.7.11.2}{\376\377\0007\000.\0001\0001\000.\0002\000\040\000F\000u\000n\000c\000t\000i\000o\000n\000\040\000D\000o\000c\000u\000m\000e\000n\000t\000a\000t\000i\000o\000n}{section.7.11}% 281
\BOOKMARK [3][-]{subsubsection.7.11.2.1}{\376\377\0007\000.\0001\0001\000.\0002\000.\0001\000\040\000a\000u\000t\000o\000n\000o\000m\000o\000u\000s\000\137\000c\000o\000n\000t\000r\000o\000l\000\050\000\051}{subsection.7.11.2}% 282
\BOOKMARK [3][-]{subsubsection.7.11.2.2}{\376\377\0007\000.\0001\0001\000.\0002\000.\0002\000\040\000b\000o\000u\000n\000d\000\137\000s\000t\000e\000e\000r\000i\000n\000g\000\050\000\051}{subsection.7.11.2}% 283
\BOOKMARK [3][-]{subsubsection.7.11.2.3}{\376\377\0007\000.\0001\0001\000.\0002\000.\0003\000\040\000k\000e\000y\000b\000o\000a\000r\000d\000\137\000c\000o\000n\000t\000r\000o\000l\000\050\000\051}{subsection.7.11.2}% 284
\BOOKMARK [2][-]{subsection.7.11.3}{\376\377\0007\000.\0001\0001\000.\0003\000\040\000V\000a\000r\000i\000a\000b\000l\000e\000\040\000D\000o\000c\000u\000m\000e\000n\000t\000a\000t\000i\000o\000n}{section.7.11}% 285
\BOOKMARK [3][-]{subsubsection.7.11.3.1}{\376\377\0007\000.\0001\0001\000.\0003\000.\0001\000\040\000p\000e\000d\000a\000l}{subsection.7.11.3}% 286
\BOOKMARK [3][-]{subsubsection.7.11.3.2}{\376\377\0007\000.\0001\0001\000.\0003\000.\0002\000\040\000r\000e\000o\000r\000d\000e\000r\000e\000d\000\137\000a\000h\000e\000a\000d}{subsection.7.11.3}% 287
\BOOKMARK [3][-]{subsubsection.7.11.3.3}{\376\377\0007\000.\0001\0001\000.\0003\000.\0003\000\040\000s\000t\000e\000e\000r\000i\000n\000g}{subsection.7.11.3}% 288
\BOOKMARK [3][-]{subsubsection.7.11.3.4}{\376\377\0007\000.\0001\0001\000.\0003\000.\0004\000\040\000w\000p\000\137\000a\000h\000e\000a\000d\000\137\000i\000d\000x}{subsection.7.11.3}% 289
\BOOKMARK [1][-]{section.7.12}{\376\377\0007\000.\0001\0002\000\040\000s\000r\000c\000/\000d\000i\000s\000p\000l\000a\000y\000.\000c\000\040\000F\000i\000l\000e\000\040\000R\000e\000f\000e\000r\000e\000n\000c\000e}{chapter.7}% 290
\BOOKMARK [2][-]{subsection.7.12.1}{\376\377\0007\000.\0001\0002\000.\0001\000\040\000D\000e\000t\000a\000i\000l\000e\000d\000\040\000D\000e\000s\000c\000r\000i\000p\000t\000i\000o\000n}{section.7.12}% 291
\BOOKMARK [2][-]{subsection.7.12.2}{\376\377\0007\000.\0001\0002\000.\0002\000\040\000F\000u\000n\000c\000t\000i\000o\000n\000\040\000D\000o\000c\000u\000m\000e\000n\000t\000a\000t\000i\000o\000n}{section.7.12}% 292
\BOOKMARK [3][-]{subsubsection.7.12.2.1}{\376\377\0007\000.\0001\0002\000.\0002\000.\0001\000\040\000d\000i\000s\000p\000\137\000d\000e\000a\000d\000l\000i\000n\000e\000\137\000m\000i\000s\000s\000\050\000\051}{subsection.7.12.2}% 293
\BOOKMARK [3][-]{subsubsection.7.12.2.2}{\376\377\0007\000.\0001\0002\000.\0002\000.\0002\000\040\000d\000i\000s\000p\000l\000a\000y\000\137\000p\000e\000d\000a\000l\000\050\000\051}{subsection.7.12.2}% 294
\BOOKMARK [3][-]{subsubsection.7.12.2.3}{\376\377\0007\000.\0001\0002\000.\0002\000.\0003\000\040\000d\000r\000a\000w\000\137\000b\000u\000t\000t\000o\000n\000\050\000\051}{subsection.7.12.2}% 295
\BOOKMARK [3][-]{subsubsection.7.12.2.4}{\376\377\0007\000.\0001\0002\000.\0002\000.\0004\000\040\000d\000r\000a\000w\000\137\000c\000a\000r\000\050\000\051}{subsection.7.12.2}% 296
\BOOKMARK [3][-]{subsubsection.7.12.2.5}{\376\377\0007\000.\0001\0002\000.\0002\000.\0005\000\040\000d\000r\000a\000w\000\137\000c\000o\000n\000e\000\137\000m\000a\000p\000\050\000\051}{subsection.7.12.2}% 297
\BOOKMARK [3][-]{subsubsection.7.12.2.6}{\376\377\0007\000.\0001\0002\000.\0002\000.\0006\000\040\000d\000r\000a\000w\000\137\000c\000o\000n\000t\000r\000o\000l\000s\000\050\000\051}{subsection.7.12.2}% 298
\BOOKMARK [3][-]{subsubsection.7.12.2.7}{\376\377\0007\000.\0001\0002\000.\0002\000.\0007\000\040\000d\000r\000a\000w\000\137\000d\000e\000t\000e\000c\000t\000e\000d\000\137\000c\000o\000n\000e\000s\000\050\000\051}{subsection.7.12.2}% 299
\BOOKMARK [3][-]{subsubsection.7.12.2.8}{\376\377\0007\000.\0001\0002\000.\0002\000.\0008\000\040\000d\000r\000a\000w\000\137\000d\000i\000r\000\137\000a\000r\000r\000o\000w\000\050\000\051}{subsection.7.12.2}% 300
\BOOKMARK [3][-]{subsubsection.7.12.2.9}{\376\377\0007\000.\0001\0002\000.\0002\000.\0009\000\040\000d\000r\000a\000w\000\137\000l\000i\000d\000a\000r\000\050\000\051}{subsection.7.12.2}% 301
\BOOKMARK [3][-]{subsubsection.7.12.2.10}{\376\377\0007\000.\0001\0002\000.\0002\000.\0001\0000\000\040\000d\000r\000a\000w\000\137\000p\000e\000r\000c\000e\000p\000t\000i\000o\000n\000\050\000\051}{subsection.7.12.2}% 302
\BOOKMARK [3][-]{subsubsection.7.12.2.11}{\376\377\0007\000.\0001\0002\000.\0002\000.\0001\0001\000\040\000d\000r\000a\000w\000\137\000t\000r\000a\000c\000k\000\050\000\051}{subsection.7.12.2}% 303
\BOOKMARK [3][-]{subsubsection.7.12.2.12}{\376\377\0007\000.\0001\0002\000.\0002\000.\0001\0002\000\040\000d\000r\000a\000w\000\137\000t\000r\000a\000j\000e\000c\000t\000o\000r\000y\000\050\000\051}{subsection.7.12.2}% 304
\BOOKMARK [3][-]{subsubsection.7.12.2.13}{\376\377\0007\000.\0001\0002\000.\0002\000.\0001\0003\000\040\000u\000p\000d\000a\000t\000e\000\137\000d\000i\000s\000p\000l\000a\000y\000\050\000\051}{subsection.7.12.2}% 305
\BOOKMARK [2][-]{subsection.7.12.3}{\376\377\0007\000.\0001\0002\000.\0003\000\040\000V\000a\000r\000i\000a\000b\000l\000e\000\040\000D\000o\000c\000u\000m\000e\000n\000t\000a\000t\000i\000o\000n}{section.7.12}% 306
\BOOKMARK [3][-]{subsubsection.7.12.3.1}{\376\377\0007\000.\0001\0002\000.\0003\000.\0001\000\040\000b\000t\000n\000\137\000s\000t\000a\000t\000e\000\137\000a\000u\000t\000o\000n\000o\000m\000o\000u\000s}{subsection.7.12.3}% 307
\BOOKMARK [3][-]{subsubsection.7.12.3.2}{\376\377\0007\000.\0001\0002\000.\0003\000.\0002\000\040\000b\000t\000n\000\137\000s\000t\000a\000t\000e\000\137\000c\000o\000n\000e\000s}{subsection.7.12.3}% 308
\BOOKMARK [3][-]{subsubsection.7.12.3.3}{\376\377\0007\000.\0001\0002\000.\0003\000.\0003\000\040\000b\000t\000n\000\137\000s\000t\000a\000t\000e\000\137\000m\000a\000p}{subsection.7.12.3}% 309
\BOOKMARK [3][-]{subsubsection.7.12.3.4}{\376\377\0007\000.\0001\0002\000.\0003\000.\0004\000\040\000b\000t\000n\000\137\000s\000t\000a\000t\000e\000\137\000p\000e\000r\000c\000e\000p\000t\000i\000o\000n}{subsection.7.12.3}% 310
\BOOKMARK [3][-]{subsubsection.7.12.3.5}{\376\377\0007\000.\0001\0002\000.\0003\000.\0005\000\040\000b\000t\000n\000\137\000s\000t\000a\000t\000e\000\137\000t\000r\000a\000j}{subsection.7.12.3}% 311
\BOOKMARK [3][-]{subsubsection.7.12.3.6}{\376\377\0007\000.\0001\0002\000.\0003\000.\0006\000\040\000b\000u\000t\000t\000o\000n\000s}{subsection.7.12.3}% 312
\BOOKMARK [1][-]{section.7.13}{\376\377\0007\000.\0001\0003\000\040\000s\000r\000c\000/\000g\000l\000o\000b\000a\000l\000s\000.\000c\000\040\000F\000i\000l\000e\000\040\000R\000e\000f\000e\000r\000e\000n\000c\000e}{chapter.7}% 313
\BOOKMARK [2][-]{subsection.7.13.1}{\376\377\0007\000.\0001\0003\000.\0001\000\040\000D\000e\000t\000a\000i\000l\000e\000d\000\040\000D\000e\000s\000c\000r\000i\000p\000t\000i\000o\000n}{section.7.13}% 314
\BOOKMARK [2][-]{subsection.7.13.2}{\376\377\0007\000.\0001\0003\000.\0002\000\040\000V\000a\000r\000i\000a\000b\000l\000e\000\040\000D\000o\000c\000u\000m\000e\000n\000t\000a\000t\000i\000o\000n}{section.7.13}% 315
\BOOKMARK [3][-]{subsubsection.7.13.2.1}{\376\377\0007\000.\0001\0003\000.\0002\000.\0001\000\040\000a\000s\000p\000h\000a\000l\000t\000\137\000g\000r\000a\000y}{subsection.7.13.2}% 316
\BOOKMARK [3][-]{subsubsection.7.13.2.2}{\376\377\0007\000.\0001\0003\000.\0002\000.\0002\000\040\000b\000a\000c\000k\000g\000r\000o\000u\000n\000d}{subsection.7.13.2}% 317
\BOOKMARK [3][-]{subsubsection.7.13.2.3}{\376\377\0007\000.\0001\0003\000.\0002\000.\0003\000\040\000b\000l\000u\000e}{subsection.7.13.2}% 318
\BOOKMARK [3][-]{subsubsection.7.13.2.4}{\376\377\0007\000.\0001\0003\000.\0002\000.\0004\000\040\000c\000a\000r}{subsection.7.13.2}% 319
\BOOKMARK [3][-]{subsubsection.7.13.2.5}{\376\377\0007\000.\0001\0003\000.\0002\000.\0005\000\040\000c\000a\000r\000\137\000a\000n\000g\000l\000e}{subsection.7.13.2}% 320
\BOOKMARK [3][-]{subsubsection.7.13.2.6}{\376\377\0007\000.\0001\0003\000.\0002\000.\0006\000\040\000c\000a\000r\000\137\000m\000u\000t\000e\000x}{subsection.7.13.2}% 321
\BOOKMARK [3][-]{subsubsection.7.13.2.7}{\376\377\0007\000.\0001\0003\000.\0002\000.\0007\000\040\000c\000a\000r\000\137\000x}{subsection.7.13.2}% 322
\BOOKMARK [3][-]{subsubsection.7.13.2.8}{\376\377\0007\000.\0001\0003\000.\0002\000.\0008\000\040\000c\000a\000r\000\137\000y}{subsection.7.13.2}% 323
\BOOKMARK [3][-]{subsubsection.7.13.2.9}{\376\377\0007\000.\0001\0003\000.\0002\000.\0009\000\040\000c\000o\000n\000e\000\137\000r\000a\000d\000i\000u\000s}{subsection.7.13.2}% 324
\BOOKMARK [3][-]{subsubsection.7.13.2.10}{\376\377\0007\000.\0001\0003\000.\0002\000.\0001\0000\000\040\000c\000o\000n\000e\000s}{subsection.7.13.2}% 325
\BOOKMARK [3][-]{subsubsection.7.13.2.11}{\376\377\0007\000.\0001\0003\000.\0002\000.\0001\0001\000\040\000c\000o\000n\000t\000r\000o\000l\000\137\000p\000a\000n\000e\000l}{subsection.7.13.2}% 326
\BOOKMARK [3][-]{subsubsection.7.13.2.12}{\376\377\0007\000.\0001\0003\000.\0002\000.\0001\0002\000\040\000d\000i\000s\000p\000l\000a\000y\000\137\000b\000u\000f\000f\000e\000r}{subsection.7.13.2}% 327
\BOOKMARK [3][-]{subsubsection.7.13.2.13}{\376\377\0007\000.\0001\0003\000.\0002\000.\0001\0003\000\040\000d\000l\000\137\000m\000i\000s\000s\000\137\000c\000o\000n\000t\000r\000o\000l}{subsection.7.13.2}% 328
\BOOKMARK [3][-]{subsubsection.7.13.2.14}{\376\377\0007\000.\0001\0003\000.\0002\000.\0001\0004\000\040\000d\000l\000\137\000m\000i\000s\000s\000\137\000d\000i\000s\000p\000l\000a\000y}{subsection.7.13.2}% 329
\BOOKMARK [3][-]{subsubsection.7.13.2.15}{\376\377\0007\000.\0001\0003\000.\0002\000.\0001\0005\000\040\000d\000l\000\137\000m\000i\000s\000s\000\137\000p\000e\000r\000c\000e\000p\000t\000i\000o\000n}{subsection.7.13.2}% 330
\BOOKMARK [3][-]{subsubsection.7.13.2.16}{\376\377\0007\000.\0001\0003\000.\0002\000.\0001\0006\000\040\000d\000l\000\137\000m\000i\000s\000s\000\137\000s\000e\000t\000t\000i\000n\000g\000s}{subsection.7.13.2}% 331
\BOOKMARK [3][-]{subsubsection.7.13.2.17}{\376\377\0007\000.\0001\0003\000.\0002\000.\0001\0007\000\040\000d\000l\000\137\000m\000i\000s\000s\000\137\000t\000r\000a\000j\000e\000c\000t\000o\000r\000y}{subsection.7.13.2}% 332
\BOOKMARK [3][-]{subsubsection.7.13.2.18}{\376\377\0007\000.\0001\0003\000.\0002\000.\0001\0008\000\040\000d\000r\000a\000w\000\137\000m\000u\000t\000e\000x}{subsection.7.13.2}% 333
\BOOKMARK [3][-]{subsubsection.7.13.2.19}{\376\377\0007\000.\0001\0003\000.\0002\000.\0001\0009\000\040\000g\000r\000a\000s\000s\000\137\000g\000r\000e\000e\000n}{subsection.7.13.2}% 334
\BOOKMARK [3][-]{subsubsection.7.13.2.20}{\376\377\0007\000.\0001\0003\000.\0002\000.\0002\0000\000\040\000g\000r\000e\000e\000n}{subsection.7.13.2}% 335
\BOOKMARK [3][-]{subsubsection.7.13.2.21}{\376\377\0007\000.\0001\0003\000.\0002\000.\0002\0001\000\040\000l\000i\000d\000a\000r\000\137\000s\000e\000m}{subsection.7.13.2}% 336
\BOOKMARK [3][-]{subsubsection.7.13.2.22}{\376\377\0007\000.\0001\0003\000.\0002\000.\0002\0002\000\040\000m\000a\000p\000\137\000m\000u\000t\000e\000x}{subsection.7.13.2}% 337
\BOOKMARK [3][-]{subsubsection.7.13.2.23}{\376\377\0007\000.\0001\0003\000.\0002\000.\0002\0003\000\040\000m\000e\000a\000s\000u\000r\000e\000s}{subsection.7.13.2}% 338
\BOOKMARK [3][-]{subsubsection.7.13.2.24}{\376\377\0007\000.\0001\0003\000.\0002\000.\0002\0004\000\040\000p\000e\000r\000c\000e\000p\000t\000i\000o\000n}{subsection.7.13.2}% 339
\BOOKMARK [3][-]{subsubsection.7.13.2.25}{\376\377\0007\000.\0001\0003\000.\0002\000.\0002\0005\000\040\000p\000i\000n\000k}{subsection.7.13.2}% 340
\BOOKMARK [3][-]{subsubsection.7.13.2.26}{\376\377\0007\000.\0001\0003\000.\0002\000.\0002\0006\000\040\000r\000e\000d}{subsection.7.13.2}% 341
\BOOKMARK [3][-]{subsubsection.7.13.2.27}{\376\377\0007\000.\0001\0003\000.\0002\000.\0002\0007\000\040\000s\000t\000a\000r\000t\000i\000n\000g\000\137\000c\000o\000n\000e\000\137\000p\000o\000s\000i\000t\000i\000o\000n\000s}{subsection.7.13.2}% 342
\BOOKMARK [3][-]{subsubsection.7.13.2.28}{\376\377\0007\000.\0001\0003\000.\0002\000.\0002\0008\000\040\000s\000t\000e\000e\000r\000i\000n\000g\000\137\000w\000h\000e\000e\000l}{subsection.7.13.2}% 343
\BOOKMARK [3][-]{subsubsection.7.13.2.29}{\376\377\0007\000.\0001\0003\000.\0002\000.\0002\0009\000\040\000t\000h\000r\000o\000t\000t\000l\000e\000\137\000g\000a\000u\000g\000e}{subsection.7.13.2}% 344
\BOOKMARK [3][-]{subsubsection.7.13.2.30}{\376\377\0007\000.\0001\0003\000.\0002\000.\0003\0000\000\040\000t\000i\000t\000l\000e}{subsection.7.13.2}% 345
\BOOKMARK [3][-]{subsubsection.7.13.2.31}{\376\377\0007\000.\0001\0003\000.\0002\000.\0003\0001\000\040\000t\000r\000a\000c\000k}{subsection.7.13.2}% 346
\BOOKMARK [3][-]{subsubsection.7.13.2.32}{\376\377\0007\000.\0001\0003\000.\0002\000.\0003\0002\000\040\000t\000r\000a\000j\000e\000c\000t\000o\000r\000y\000\137\000b\000m\000p}{subsection.7.13.2}% 347
\BOOKMARK [3][-]{subsubsection.7.13.2.33}{\376\377\0007\000.\0001\0003\000.\0002\000.\0003\0003\000\040\000w\000h\000i\000t\000e}{subsection.7.13.2}% 348
\BOOKMARK [3][-]{subsubsection.7.13.2.34}{\376\377\0007\000.\0001\0003\000.\0002\000.\0003\0004\000\040\000X\000\137\000M\000A\000X}{subsection.7.13.2}% 349
\BOOKMARK [3][-]{subsubsection.7.13.2.35}{\376\377\0007\000.\0001\0003\000.\0002\000.\0003\0005\000\040\000Y\000\137\000M\000A\000X}{subsection.7.13.2}% 350
\BOOKMARK [3][-]{subsubsection.7.13.2.36}{\376\377\0007\000.\0001\0003\000.\0002\000.\0003\0006\000\040\000y\000e\000l\000l\000o\000w}{subsection.7.13.2}% 351
\BOOKMARK [1][-]{section.7.14}{\376\377\0007\000.\0001\0004\000\040\000s\000r\000c\000/\000m\000a\000i\000n\000.\000c\000\040\000F\000i\000l\000e\000\040\000R\000e\000f\000e\000r\000e\000n\000c\000e}{chapter.7}% 352
\BOOKMARK [2][-]{subsection.7.14.1}{\376\377\0007\000.\0001\0004\000.\0001\000\040\000D\000e\000t\000a\000i\000l\000e\000d\000\040\000D\000e\000s\000c\000r\000i\000p\000t\000i\000o\000n}{section.7.14}% 353
\BOOKMARK [2][-]{subsection.7.14.2}{\376\377\0007\000.\0001\0004\000.\0002\000\040\000F\000u\000n\000c\000t\000i\000o\000n\000\040\000D\000o\000c\000u\000m\000e\000n\000t\000a\000t\000i\000o\000n}{section.7.14}% 354
\BOOKMARK [3][-]{subsubsection.7.14.2.1}{\376\377\0007\000.\0001\0004\000.\0002\000.\0001\000\040\000i\000n\000i\000t\000\137\000a\000l\000l\000e\000g\000r\000o\000\050\000\051}{subsection.7.14.2}% 355
\BOOKMARK [3][-]{subsubsection.7.14.2.2}{\376\377\0007\000.\0001\0004\000.\0002\000.\0002\000\040\000i\000n\000i\000t\000\137\000b\000i\000t\000m\000a\000p\000s\000\050\000\051}{subsection.7.14.2}% 356
\BOOKMARK [3][-]{subsubsection.7.14.2.3}{\376\377\0007\000.\0001\0004\000.\0002\000.\0003\000\040\000i\000n\000i\000t\000\137\000c\000a\000r\000\050\000\051}{subsection.7.14.2}% 357
\BOOKMARK [3][-]{subsubsection.7.14.2.4}{\376\377\0007\000.\0001\0004\000.\0002\000.\0004\000\040\000i\000n\000i\000t\000\137\000c\000o\000n\000t\000r\000o\000l\000\137\000p\000a\000n\000e\000l\000\050\000\051}{subsection.7.14.2}% 358
\BOOKMARK [3][-]{subsubsection.7.14.2.5}{\376\377\0007\000.\0001\0004\000.\0002\000.\0005\000\040\000i\000n\000i\000t\000\137\000p\000e\000r\000c\000e\000p\000t\000i\000o\000n\000\050\000\051}{subsection.7.14.2}% 359
\BOOKMARK [3][-]{subsubsection.7.14.2.6}{\376\377\0007\000.\0001\0004\000.\0002\000.\0006\000\040\000i\000n\000i\000t\000\137\000t\000r\000a\000c\000k\000\050\000\051}{subsection.7.14.2}% 360
\BOOKMARK [3][-]{subsubsection.7.14.2.7}{\376\377\0007\000.\0001\0004\000.\0002\000.\0007\000\040\000i\000n\000i\000t\000\137\000t\000r\000a\000j\000e\000c\000t\000o\000r\000y\000\050\000\051}{subsection.7.14.2}% 361
\BOOKMARK [3][-]{subsubsection.7.14.2.8}{\376\377\0007\000.\0001\0004\000.\0002\000.\0008\000\040\000m\000a\000i\000n\000\050\000\051}{subsection.7.14.2}% 362
\BOOKMARK [2][-]{subsection.7.14.3}{\376\377\0007\000.\0001\0004\000.\0003\000\040\000V\000a\000r\000i\000a\000b\000l\000e\000\040\000D\000o\000c\000u\000m\000e\000n\000t\000a\000t\000i\000o\000n}{section.7.14}% 363
\BOOKMARK [3][-]{subsubsection.7.14.3.1}{\376\377\0007\000.\0001\0004\000.\0003\000.\0001\000\040\000c\000a\000r\000\137\000b\000i\000t\000m\000a\000p\000\137\000x}{subsection.7.14.3}% 364
\BOOKMARK [3][-]{subsubsection.7.14.3.2}{\376\377\0007\000.\0001\0004\000.\0003\000.\0002\000\040\000c\000a\000r\000\137\000b\000i\000t\000m\000a\000p\000\137\000y}{subsection.7.14.3}% 365
\BOOKMARK [3][-]{subsubsection.7.14.3.3}{\376\377\0007\000.\0001\0004\000.\0003\000.\0003\000\040\000c\000a\000r\000\137\000x\000\137\000p\000x}{subsection.7.14.3}% 366
\BOOKMARK [3][-]{subsubsection.7.14.3.4}{\376\377\0007\000.\0001\0004\000.\0003\000.\0004\000\040\000c\000a\000r\000\137\000y\000\137\000p\000x}{subsection.7.14.3}% 367
\BOOKMARK [3][-]{subsubsection.7.14.3.5}{\376\377\0007\000.\0001\0004\000.\0003\000.\0005\000\040\000f\000i\000l\000e\000n\000a\000m\000e}{subsection.7.14.3}% 368
\BOOKMARK [1][-]{section.7.15}{\376\377\0007\000.\0001\0005\000\040\000s\000r\000c\000/\000p\000e\000r\000c\000e\000p\000t\000i\000o\000n\000.\000c\000\040\000F\000i\000l\000e\000\040\000R\000e\000f\000e\000r\000e\000n\000c\000e}{chapter.7}% 369
\BOOKMARK [2][-]{subsection.7.15.1}{\376\377\0007\000.\0001\0005\000.\0001\000\040\000D\000e\000t\000a\000i\000l\000e\000d\000\040\000D\000e\000s\000c\000r\000i\000p\000t\000i\000o\000n}{section.7.15}% 370
\BOOKMARK [1][-]{section.7.16}{\376\377\0007\000.\0001\0006\000\040\000s\000r\000c\000/\000p\000t\000a\000s\000k\000.\000c\000\040\000F\000i\000l\000e\000\040\000R\000e\000f\000e\000r\000e\000n\000c\000e}{chapter.7}% 371
\BOOKMARK [2][-]{subsection.7.16.1}{\376\377\0007\000.\0001\0006\000.\0001\000\040\000M\000a\000c\000r\000o\000\040\000D\000e\000f\000i\000n\000i\000t\000i\000o\000n\000\040\000D\000o\000c\000u\000m\000e\000n\000t\000a\000t\000i\000o\000n}{section.7.16}% 372
\BOOKMARK [3][-]{subsubsection.7.16.1.1}{\376\377\0007\000.\0001\0006\000.\0001\000.\0001\000\040\000P\000T\000A\000S\000K\000\137\000I\000M\000P\000L\000E\000M\000E\000N\000T\000A\000T\000I\000O\000N}{subsection.7.16.1}% 373
\BOOKMARK [1][-]{section.7.17}{\376\377\0007\000.\0001\0007\000\040\000s\000r\000c\000/\000t\000a\000s\000k\000s\000.\000c\000\040\000F\000i\000l\000e\000\040\000R\000e\000f\000e\000r\000e\000n\000c\000e}{chapter.7}% 374
\BOOKMARK [2][-]{subsection.7.17.1}{\376\377\0007\000.\0001\0007\000.\0001\000\040\000D\000e\000t\000a\000i\000l\000e\000d\000\040\000D\000e\000s\000c\000r\000i\000p\000t\000i\000o\000n}{section.7.17}% 375
\BOOKMARK [2][-]{subsection.7.17.2}{\376\377\0007\000.\0001\0007\000.\0002\000\040\000F\000u\000n\000c\000t\000i\000o\000n\000\040\000D\000o\000c\000u\000m\000e\000n\000t\000a\000t\000i\000o\000n}{section.7.17}% 376
\BOOKMARK [3][-]{subsubsection.7.17.2.1}{\376\377\0007\000.\0001\0007\000.\0002\000.\0001\000\040\000c\000o\000n\000t\000r\000o\000l\000\137\000t\000a\000s\000k\000\050\000\051}{subsection.7.17.2}% 377
\BOOKMARK [3][-]{subsubsection.7.17.2.2}{\376\377\0007\000.\0001\0007\000.\0002\000.\0002\000\040\000d\000i\000s\000p\000l\000a\000y\000\137\000t\000a\000s\000k\000\050\000\051}{subsection.7.17.2}% 378
\BOOKMARK [3][-]{subsubsection.7.17.2.3}{\376\377\0007\000.\0001\0007\000.\0002\000.\0003\000\040\000i\000s\000\137\000m\000o\000u\000s\000e\000\137\000o\000v\000e\000r\000\137\000b\000u\000t\000t\000o\000n\000\050\000\051}{subsection.7.17.2}% 379
\BOOKMARK [3][-]{subsubsection.7.17.2.4}{\376\377\0007\000.\0001\0007\000.\0002\000.\0004\000\040\000p\000e\000r\000c\000e\000p\000t\000i\000o\000n\000\137\000t\000a\000s\000k\000\050\000\051}{subsection.7.17.2}% 380
\BOOKMARK [3][-]{subsubsection.7.17.2.5}{\376\377\0007\000.\0001\0007\000.\0002\000.\0005\000\040\000s\000e\000t\000t\000i\000n\000g\000s\000\137\000t\000a\000s\000k\000\050\000\051}{subsection.7.17.2}% 381
\BOOKMARK [3][-]{subsubsection.7.17.2.6}{\376\377\0007\000.\0001\0007\000.\0002\000.\0006\000\040\000t\000r\000a\000j\000e\000c\000t\000o\000r\000y\000\137\000t\000a\000s\000k\000\050\000\051}{subsection.7.17.2}% 382
\BOOKMARK [2][-]{subsection.7.17.3}{\376\377\0007\000.\0001\0007\000.\0003\000\040\000V\000a\000r\000i\000a\000b\000l\000e\000\040\000D\000o\000c\000u\000m\000e\000n\000t\000a\000t\000i\000o\000n}{section.7.17}% 383
\BOOKMARK [3][-]{subsubsection.7.17.3.1}{\376\377\0007\000.\0001\0007\000.\0003\000.\0001\000\040\000b\000t\000n\000\137\000s\000t\000a\000t\000e\000\137\000a\000u\000t\000o\000n\000o\000m\000o\000u\000s}{subsection.7.17.3}% 384
\BOOKMARK [3][-]{subsubsection.7.17.3.2}{\376\377\0007\000.\0001\0007\000.\0003\000.\0002\000\040\000b\000t\000n\000\137\000s\000t\000a\000t\000e\000\137\000c\000o\000n\000e\000s}{subsection.7.17.3}% 385
\BOOKMARK [3][-]{subsubsection.7.17.3.3}{\376\377\0007\000.\0001\0007\000.\0003\000.\0003\000\040\000b\000t\000n\000\137\000s\000t\000a\000t\000e\000\137\000m\000a\000p}{subsection.7.17.3}% 386
\BOOKMARK [3][-]{subsubsection.7.17.3.4}{\376\377\0007\000.\0001\0007\000.\0003\000.\0004\000\040\000b\000t\000n\000\137\000s\000t\000a\000t\000e\000\137\000p\000e\000r\000c\000e\000p\000t\000i\000o\000n}{subsection.7.17.3}% 387
\BOOKMARK [3][-]{subsubsection.7.17.3.5}{\376\377\0007\000.\0001\0007\000.\0003\000.\0005\000\040\000b\000t\000n\000\137\000s\000t\000a\000t\000e\000\137\000t\000r\000a\000j}{subsection.7.17.3}% 388
\BOOKMARK [3][-]{subsubsection.7.17.3.6}{\376\377\0007\000.\0001\0007\000.\0003\000.\0006\000\040\000b\000u\000t\000t\000o\000n\000s}{subsection.7.17.3}% 389
\BOOKMARK [1][-]{section.7.18}{\376\377\0007\000.\0001\0008\000\040\000s\000r\000c\000/\000t\000r\000a\000j\000e\000c\000t\000o\000r\000y\000.\000c\000\040\000F\000i\000l\000e\000\040\000R\000e\000f\000e\000r\000e\000n\000c\000e}{chapter.7}% 390
\BOOKMARK [2][-]{subsection.7.18.1}{\376\377\0007\000.\0001\0008\000.\0001\000\040\000D\000e\000t\000a\000i\000l\000e\000d\000\040\000D\000e\000s\000c\000r\000i\000p\000t\000i\000o\000n}{section.7.18}% 391
\BOOKMARK [2][-]{subsection.7.18.2}{\376\377\0007\000.\0001\0008\000.\0002\000\040\000F\000u\000n\000c\000t\000i\000o\000n\000\040\000D\000o\000c\000u\000m\000e\000n\000t\000a\000t\000i\000o\000n}{section.7.18}% 392
\BOOKMARK [3][-]{subsubsection.7.18.2.1}{\376\377\0007\000.\0001\0008\000.\0002\000.\0001\000\040\000t\000r\000a\000j\000e\000c\000t\000o\000r\000y\000\137\000p\000l\000a\000n\000n\000i\000n\000g\000\050\000\051}{subsection.7.18.2}% 393
\BOOKMARK [2][-]{subsection.7.18.3}{\376\377\0007\000.\0001\0008\000.\0003\000\040\000V\000a\000r\000i\000a\000b\000l\000e\000\040\000D\000o\000c\000u\000m\000e\000n\000t\000a\000t\000i\000o\000n}{section.7.18}% 394
\BOOKMARK [3][-]{subsubsection.7.18.3.1}{\376\377\0007\000.\0001\0008\000.\0003\000.\0001\000\040\000t\000r\000a\000j\000e\000c\000t\000o\000r\000y}{subsection.7.18.3}% 395
\BOOKMARK [3][-]{subsubsection.7.18.3.2}{\376\377\0007\000.\0001\0008\000.\0003\000.\0002\000\040\000t\000r\000a\000j\000e\000c\000t\000o\000r\000y\000\137\000i\000d\000x}{subsection.7.18.3}% 396
\BOOKMARK [1][-]{section.7.19}{\376\377\0007\000.\0001\0009\000\040\000s\000r\000c\000/\000u\000t\000i\000l\000i\000t\000i\000e\000s\000.\000c\000\040\000F\000i\000l\000e\000\040\000R\000e\000f\000e\000r\000e\000n\000c\000e}{chapter.7}% 397
\BOOKMARK [2][-]{subsection.7.19.1}{\376\377\0007\000.\0001\0009\000.\0001\000\040\000D\000e\000t\000a\000i\000l\000e\000d\000\040\000D\000e\000s\000c\000r\000i\000p\000t\000i\000o\000n}{section.7.19}% 398
\BOOKMARK [2][-]{subsection.7.19.2}{\376\377\0007\000.\0001\0009\000.\0002\000\040\000M\000a\000c\000r\000o\000\040\000D\000e\000f\000i\000n\000i\000t\000i\000o\000n\000\040\000D\000o\000c\000u\000m\000e\000n\000t\000a\000t\000i\000o\000n}{section.7.19}% 399
\BOOKMARK [3][-]{subsubsection.7.19.2.1}{\376\377\0007\000.\0001\0009\000.\0002\000.\0001\000\040\000\137\000P\000O\000S\000I\000X\000\137\000C\000\137\000S\000O\000U\000R\000C\000E}{subsection.7.19.2}% 400
\BOOKMARK [2][-]{subsection.7.19.3}{\376\377\0007\000.\0001\0009\000.\0003\000\040\000F\000u\000n\000c\000t\000i\000o\000n\000\040\000D\000o\000c\000u\000m\000e\000n\000t\000a\000t\000i\000o\000n}{section.7.19}% 401
\BOOKMARK [3][-]{subsubsection.7.19.3.1}{\376\377\0007\000.\0001\0009\000.\0003\000.\0001\000\040\000a\000n\000g\000l\000e\000\137\000r\000o\000t\000a\000t\000i\000o\000n\000\137\000s\000p\000r\000i\000t\000e\000\050\000\051}{subsection.7.19.3}% 402
\BOOKMARK [3][-]{subsubsection.7.19.3.2}{\376\377\0007\000.\0001\0009\000.\0003\000.\0002\000\040\000i\000n\000i\000t\000\137\000c\000o\000n\000e\000s\000\050\000\051}{subsection.7.19.3}% 403
\BOOKMARK [3][-]{subsubsection.7.19.3.3}{\376\377\0007\000.\0001\0009\000.\0003\000.\0003\000\040\000l\000o\000a\000d\000\137\000c\000o\000n\000e\000s\000\137\000p\000o\000s\000i\000t\000i\000o\000n\000s\000\050\000\051}{subsection.7.19.3}% 404
\BOOKMARK [3][-]{subsubsection.7.19.3.4}{\376\377\0007\000.\0001\0009\000.\0003\000.\0004\000\040\000r\000u\000n\000t\000i\000m\000e\000\050\000\051}{subsection.7.19.3}% 405
\BOOKMARK [2][-]{subsection.7.19.4}{\376\377\0007\000.\0001\0009\000.\0004\000\040\000V\000a\000r\000i\000a\000b\000l\000e\000\040\000D\000o\000c\000u\000m\000e\000n\000t\000a\000t\000i\000o\000n}{section.7.19}% 406
\BOOKMARK [3][-]{subsubsection.7.19.4.1}{\376\377\0007\000.\0001\0009\000.\0004\000.\0001\000\040\000o\000f\000f\000s\000e\000t\000\137\000x}{subsection.7.19.4}% 407
\BOOKMARK [3][-]{subsubsection.7.19.4.2}{\376\377\0007\000.\0001\0009\000.\0004\000.\0002\000\040\000o\000f\000f\000s\000e\000t\000\137\000y}{subsection.7.19.4}% 408
\BOOKMARK [1][-]{section.7.20}{\376\377\0007\000.\0002\0000\000\040\000s\000r\000c\000/\000v\000e\000h\000i\000c\000l\000e\000.\000c\000\040\000F\000i\000l\000e\000\040\000R\000e\000f\000e\000r\000e\000n\000c\000e}{chapter.7}% 409
\BOOKMARK [2][-]{subsection.7.20.1}{\376\377\0007\000.\0002\0000\000.\0001\000\040\000M\000a\000c\000r\000o\000\040\000D\000e\000f\000i\000n\000i\000t\000i\000o\000n\000\040\000D\000o\000c\000u\000m\000e\000n\000t\000a\000t\000i\000o\000n}{section.7.20}% 410
\BOOKMARK [3][-]{subsubsection.7.20.1.1}{\376\377\0007\000.\0002\0000\000.\0001\000.\0001\000\040\000C\000I\000N\000E\000M\000A\000T\000I\000C\000\137\000M\000O\000D\000E\000L}{subsection.7.20.1}% 411
